Archive member included to satisfy reference by file (symbol)

C:\Users\JCT\Documents\MCUXpressoIDE_10.0.2_411\workspace\lpc_board_ea_devkit_4088\Debug\liblpc_board_ea_devkit_4088.a(board.o)
                              ./example/src/hid_main.o (Board_Init)
C:\Users\JCT\Documents\MCUXpressoIDE_10.0.2_411\workspace\lpc_board_ea_devkit_4088\Debug\liblpc_board_ea_devkit_4088.a(board_sysinit.o)
                              ./example/src/sysinit.o (Board_SystemInit)
C:\Users\JCT\Documents\MCUXpressoIDE_10.0.2_411\workspace\lpc_board_ea_devkit_4088\Debug\liblpc_board_ea_devkit_4088.a(uda1380.o)
                              C:\Users\JCT\Documents\MCUXpressoIDE_10.0.2_411\workspace\lpc_board_ea_devkit_4088\Debug\liblpc_board_ea_devkit_4088.a(board.o) (UDA1380_Init)
C:\Users\JCT\Documents\MCUXpressoIDE_10.0.2_411\workspace\lpc_chip_40xx\Debug\liblpc_chip_40xx.a(chip_17xx_40xx.o)
                              ./example/src/hid_main.o (SystemCoreClockUpdate)
C:\Users\JCT\Documents\MCUXpressoIDE_10.0.2_411\workspace\lpc_chip_40xx\Debug\liblpc_chip_40xx.a(clock_17xx_40xx.o)
                              C:\Users\JCT\Documents\MCUXpressoIDE_10.0.2_411\workspace\lpc_chip_40xx\Debug\liblpc_chip_40xx.a(chip_17xx_40xx.o) (Chip_Clock_SetupPLL)
C:\Users\JCT\Documents\MCUXpressoIDE_10.0.2_411\workspace\lpc_chip_40xx\Debug\liblpc_chip_40xx.a(emc_17xx_40xx.o)
                              C:\Users\JCT\Documents\MCUXpressoIDE_10.0.2_411\workspace\lpc_board_ea_devkit_4088\Debug\liblpc_board_ea_devkit_4088.a(board_sysinit.o) (Chip_EMC_Dynamic_Init)
C:\Users\JCT\Documents\MCUXpressoIDE_10.0.2_411\workspace\lpc_chip_40xx\Debug\liblpc_chip_40xx.a(fpu_init.o)
                              ./example/src/sysinit.o (fpuInit)
C:\Users\JCT\Documents\MCUXpressoIDE_10.0.2_411\workspace\lpc_chip_40xx\Debug\liblpc_chip_40xx.a(i2c_17xx_40xx.o)
                              ./example/src/hid_main.o (Chip_I2C_EventHandlerPolling)
C:\Users\JCT\Documents\MCUXpressoIDE_10.0.2_411\workspace\lpc_chip_40xx\Debug\liblpc_chip_40xx.a(i2s_17xx_40xx.o)
                              C:\Users\JCT\Documents\MCUXpressoIDE_10.0.2_411\workspace\lpc_board_ea_devkit_4088\Debug\liblpc_board_ea_devkit_4088.a(board.o) (Chip_I2S_Init)
C:\Users\JCT\Documents\MCUXpressoIDE_10.0.2_411\workspace\lpc_chip_40xx\Debug\liblpc_chip_40xx.a(iocon_17xx_40xx.o)
                              C:\Users\JCT\Documents\MCUXpressoIDE_10.0.2_411\workspace\lpc_board_ea_devkit_4088\Debug\liblpc_board_ea_devkit_4088.a(board_sysinit.o) (Chip_IOCON_SetPinMuxing)
C:\Users\JCT\Documents\MCUXpressoIDE_10.0.2_411\workspace\lpc_chip_40xx\Debug\liblpc_chip_40xx.a(ssp_17xx_40xx.o)
                              C:\Users\JCT\Documents\MCUXpressoIDE_10.0.2_411\workspace\lpc_board_ea_devkit_4088\Debug\liblpc_board_ea_devkit_4088.a(board.o) (Chip_SSP_WriteFrames_Blocking)
C:\Users\JCT\Documents\MCUXpressoIDE_10.0.2_411\workspace\lpc_chip_40xx\Debug\liblpc_chip_40xx.a(sysctl_17xx_40xx.o)
                              C:\Users\JCT\Documents\MCUXpressoIDE_10.0.2_411\workspace\lpc_board_ea_devkit_4088\Debug\liblpc_board_ea_devkit_4088.a(board_sysinit.o) (Chip_SYSCTL_PeriphReset)
C:\Users\JCT\Documents\MCUXpressoIDE_10.0.2_411\workspace\lpc_chip_40xx\Debug\liblpc_chip_40xx.a(sysinit_17xx_40xx.o)
                              C:\Users\JCT\Documents\MCUXpressoIDE_10.0.2_411\workspace\lpc_board_ea_devkit_4088\Debug\liblpc_board_ea_devkit_4088.a(board_sysinit.o) (Chip_SetupXtalClocking)
C:\Users\JCT\Documents\MCUXpressoIDE_10.0.2_411\workspace\lpc_chip_40xx\libs\libusbd_40xx_lib.a(mw_usbd_rom_api.o)
                              ./example/src/hid_main.o (hid_api)
C:\Users\JCT\Documents\MCUXpressoIDE_10.0.2_411\workspace\lpc_chip_40xx\libs\libusbd_40xx_lib.a(hw_usbd_ip3503.o)
                              C:\Users\JCT\Documents\MCUXpressoIDE_10.0.2_411\workspace\lpc_chip_40xx\libs\libusbd_40xx_lib.a(mw_usbd_rom_api.o) (hwUSB_GetMemSize)
C:\Users\JCT\Documents\MCUXpressoIDE_10.0.2_411\workspace\lpc_chip_40xx\libs\libusbd_40xx_lib.a(mw_usbd_cdcuser.o)
                              C:\Users\JCT\Documents\MCUXpressoIDE_10.0.2_411\workspace\lpc_chip_40xx\libs\libusbd_40xx_lib.a(mw_usbd_rom_api.o) (mwCDC_SendNotification)
C:\Users\JCT\Documents\MCUXpressoIDE_10.0.2_411\workspace\lpc_chip_40xx\libs\libusbd_40xx_lib.a(mw_usbd_core.o)
                              C:\Users\JCT\Documents\MCUXpressoIDE_10.0.2_411\workspace\lpc_chip_40xx\libs\libusbd_40xx_lib.a(mw_usbd_rom_api.o) (mwUSB_SetupStage)
C:\Users\JCT\Documents\MCUXpressoIDE_10.0.2_411\workspace\lpc_chip_40xx\libs\libusbd_40xx_lib.a(mw_usbd_dfuuser.o)
                              C:\Users\JCT\Documents\MCUXpressoIDE_10.0.2_411\workspace\lpc_chip_40xx\libs\libusbd_40xx_lib.a(mw_usbd_rom_api.o) (mwDFU_GetMemSize)
C:\Users\JCT\Documents\MCUXpressoIDE_10.0.2_411\workspace\lpc_chip_40xx\libs\libusbd_40xx_lib.a(mw_usbd_hiduser.o)
[...]
Memory Configuration

Name             Origin             Length             Attributes
MFlash512        0x00000000         0x00080000         xr
RamLoc64         0x10000000         0x00010000         xrw
RamPeriph32      0x20000000         0x00008000         xrw
*default*        0x00000000         0xffffffff

Linker script and memory map

LOAD ./example/src/cr_startup_lpc40xx.o
LOAD ./example/src/hid_desc.o
LOAD ./example/src/hid_main.o
LOAD ./example/src/hid_mouse.o
LOAD ./example/src/sysinit.o
LOAD C:\Users\JCT\Documents\MCUXpressoIDE_10.0.2_411\workspace\lpc_board_ea_devkit_4088\Debug\liblpc_board_ea_devkit_4088.a
LOAD C:\Users\JCT\Documents\MCUXpressoIDE_10.0.2_411\workspace\lpc_chip_40xx\Debug\liblpc_chip_40xx.a
LOAD C:\Users\JCT\Documents\MCUXpressoIDE_10.0.2_411\workspace\lpc_chip_40xx\libs\libusbd_40xx_lib.a
START GROUP
LOAD c:/system/mcuxpressoide_10.0.2_411/ide/tools/bin/../lib/gcc/arm-none-eabi/5.4.1/../../../../arm-none-eabi/lib/armv7e-m/softfp\libcr_semihost_nf.a
LOAD c:/system/mcuxpressoide_10.0.2_411/ide/tools/bin/../lib/gcc/arm-none-eabi/5.4.1/../../../../arm-none-eabi/lib/armv7e-m/softfp\libcr_c.a
LOAD c:/system/mcuxpressoide_10.0.2_411/ide/tools/bin/../lib/gcc/arm-none-eabi/5.4.1/armv7e-m/softfp\libcr_eabihelpers.a
END GROUP
                0x00000000                __base_MFlash512 = 0x0
                0x00000000                __base_Flash = 0x0
                0x00080000                __top_MFlash512 = 0x80000
                0x00080000                __top_Flash = 0x80000
                0x10000000                __base_RamLoc64 = 0x10000000
                0x10000000                __base_RAM = 0x10000000
                0x10010000                __top_RamLoc64 = 0x10010000
                0x10010000                __top_RAM = 0x10010000
                0x20000000                __base_RamPeriph32 = 0x20000000
                0x20000000                __base_RAM2 = 0x20000000
                0x20008000                __top_RamPeriph32 = 0x20008000
                0x20008000                __top_RAM2 = 0x20008000

.text           0x00000000     0x3c6c
 FILL mask 0xff
                0x00000000                __vectors_start__ = ABSOLUTE (.)
 *(.isr_vector)
 .isr_vector    0x00000000       0xe4 ./example/src/cr_startup_lpc40xx.o
                0x00000000                g_pfnVectors
                0x000000e4                . = ALIGN (0x4)
                0x000000e4                __section_table_start = .
                0x000000e4                __data_section_table = .
                0x000000e4        0x4 LONG 0x3c6c LOADADDR (.data)
                0x000000e8        0x4 LONG 0x10000000 ADDR (.data)
                0x000000ec        0x4 LONG 0x7c SIZEOF (.data)
                0x000000f0        0x4 LONG 0x3c6c LOADADDR (.data_RAM2)
                0x000000f4        0x4 LONG 0x20000000 ADDR (.data_RAM2)
                0x000000f8        0x4 LONG 0x0 SIZEOF (.data_RAM2)
                0x000000fc                __data_section_table_end = .
                0x000000fc                __bss_section_table = .
                0x000000fc        0x4 LONG 0x1000007c ADDR (.bss)
                0x00000100        0x4 LONG 0xc8 SIZEOF (.bss)
                0x00000104        0x4 LONG 0x20000000 ADDR (.bss_RAM2)
                0x00000108        0x4 LONG 0x0 SIZEOF (.bss_RAM2)
                0x0000010c                __bss_section_table_end = .
                0x0000010c                __section_table_end = .
 *(.after_vectors*)
 .after_vectors
                0x0000010c      0x168 ./example/src/cr_startup_lpc40xx.o
                0x0000010c                data_init
                0x00000150                bss_init
                0x00000188                ResetISR
                0x00000220                NMI_Handler
                0x00000228                HardFault_Handler
                0x00000230                MemManage_Handler
                0x00000238                BusFault_Handler
                0x00000240                UsageFault_Handler
                0x00000248                SVC_Handler
                0x00000250                DebugMon_Handler
                0x00000258                PendSV_Handler
                0x00000260                SysTick_Handler
                0x00000268                I2C1_IRQHandler
                0x00000268                EINT2_IRQHandler
                0x00000268                UART1_IRQHandler
                0x00000268                EINT3_IRQHandler
                0x00000268                CANActivity_IRQHandler
                0x00000268                TIMER3_IRQHandler
                0x00000268                UART0_IRQHandler
                0x00000268                I2C0_IRQHandler
                0x00000268                PWM1_IRQHandler
                0x00000268                IntDefaultHandler
                0x00000268                PLL0_IRQHandler
                0x00000268                CAN_IRQHandler
                0x00000268                PLL1_IRQHandler
                0x00000268                RIT_IRQHandler
                0x00000268                I2S_IRQHandler
                0x00000268                I2C2_IRQHandler
                0x00000268                RTC_IRQHandler
                0x00000268                TIMER0_IRQHandler
                0x00000268                SPI_IRQHandler
                0x00000268                LCD_IRQHandler
                0x00000268                SDIO_IRQHandler
                0x00000268                EINT1_IRQHandler
                0x00000268                TIMER1_IRQHandler
                0x00000268                UART2_IRQHandler
                0x00000268                UART4_IRQHandler
                0x00000268                ADC_IRQHandler
                0x00000268                SSP1_IRQHandler
                0x00000268                BOD_IRQHandler
                0x00000268                TIMER2_IRQHandler
                0x00000268                WDT_IRQHandler
                0x00000268                USBActivity_IRQHandler
                0x00000268                QEI_IRQHandler
                0x00000268                EINT0_IRQHandler
                0x00000268                ETH_IRQHandler
                0x00000268                PWM0_IRQHandler
                0x00000268                SSP2_IRQHandler
                0x00000268                EEPROM_IRQHandler
                0x00000268                SSP0_IRQHandler
                0x00000268                DMA_IRQHandler
                0x00000268                GPIO_IRQHandler
                0x00000268                UART3_IRQHandler
                0x00000268                MCPWM_IRQHandler
 *(.text*)
 .text.NVIC_EnableIRQ
                0x00000274       0x34 ./example/src/hid_main.o
 .text.NVIC_DisableIRQ
                0x000002a8       0x34 ./example/src/hid_main.o
 .text.usb_pin_clk_init
                0x000002dc       0x14 ./example/src/hid_main.o
 .text.USB_IRQHandler
                0x000002f0       0x20 ./example/src/hid_main.o
                0x000002f0                USB_IRQHandler
 .text.main     0x00000310      0x1a8 ./example/src/hid_main.o
                0x00000310                main
 .text.USB_IsConfigured
                0x000004b8       0x28 ./example/src/hid_mouse.o
 .text.setXYMouseReport
                0x000004e0       0x2c ./example/src/hid_mouse.o
 .text.setLeftButtonMouseReport
                0x0000050c       0x3c ./example/src/hid_mouse.o
 .text.Mouse_UpdateReport
                0x00000548       0x74 ./example/src/hid_mouse.o
 .text.Mouse_GetReport
                0x000005bc       0x54 ./example/src/hid_mouse.o
 .text.Mouse_SetReport
                0x00000610       0x38 ./example/src/hid_mouse.o
 .text.Mouse_EpIN_Hdlr
                0x00000648       0x2c ./example/src/hid_mouse.o
 .text.Mouse_Init
                0x00000674       0xbc ./example/src/hid_mouse.o
                0x00000674                Mouse_Init
 .text.Mouse_Tasks
                0x00000730       0x64 ./example/src/hid_mouse.o
                0x00000730                Mouse_Tasks
 .text.SystemInit
                0x00000794       0x28 ./example/src/sysinit.o
                0x00000794                SystemInit
 .text.Chip_IOCON_Init
                0x000007bc       0x18 C:\Users\JCT\Documents\MCUXpressoIDE_10.0.2_411\workspace\lpc_board_ea_devkit_4088\Debug\liblpc_board_ea_devkit_4088.a(board.o)
 .text.Chip_IOCON_PinMuxSet
                0x000007d4       0x30 C:\Users\JCT\Documents\MCUXpressoIDE_10.0.2_411\workspace\lpc_board_ea_devkit_4088\Debug\liblpc_board_ea_devkit_4088.a(board.o)
 .text.Chip_IOCON_PinMux
                0x00000804       0x2c C:\Users\JCT\Documents\MCUXpressoIDE_10.0.2_411\workspace\lpc_board_ea_devkit_4088\Debug\liblpc_board_ea_devkit_4088.a(board.o)
 .text.Chip_GPIO_Init
                0x00000830       0x18 C:\Users\JCT\Documents\MCUXpressoIDE_10.0.2_411\workspace\lpc_board_ea_devkit_4088\Debug\liblpc_board_ea_devkit_4088.a(board.o)
 .text.Chip_GPIO_SetPinState
                0x00000848       0x6c C:\Users\JCT\Documents\MCUXpressoIDE_10.0.2_411\workspace\lpc_board_ea_devkit_4088\Debug\liblpc_board_ea_devkit_4088.a(board.o)
 .text.Chip_GPIO_WritePortBit
                0x000008b4       0x2c C:\Users\JCT\Documents\MCUXpressoIDE_10.0.2_411\workspace\lpc_board_ea_devkit_4088\Debug\liblpc_board_ea_devkit_4088.a(board.o)
 .text.Chip_GPIO_GetPinState
                0x000008e0       0x3c C:\Users\JCT\Documents\MCUXpressoIDE_10.0.2_411\workspace\lpc_board_ea_devkit_4088\Debug\liblpc_board_ea_devkit_4088.a(board.o)
 .text.Chip_GPIO_ReadPortBit
                0x0000091c       0x28 C:\Users\JCT\Documents\MCUXpressoIDE_10.0.2_411\workspace\lpc_board_ea_devkit_4088\Debug\liblpc_board_ea_devkit_4088.a(board.o)
 .text.Chip_GPIO_SetPinDIROutput
                0x00000944       0x3c C:\Users\JCT\Documents\MCUXpressoIDE_10.0.2_411\workspace\lpc_board_ea_devkit_4088\Debug\liblpc_board_ea_devkit_4088.a(board.o)
 .text.Chip_GPIO_SetPinDIRInput
                0x00000980       0x3c C:\Users\JCT\Documents\MCUXpressoIDE_10.0.2_411\workspace\lpc_board_ea_devkit_4088\Debug\liblpc_board_ea_devkit_4088.a(board.o)
 .text.Chip_GPIO_SetPinDIR
                0x000009bc       0x44 C:\Users\JCT\Documents\MCUXpressoIDE_10.0.2_411\workspace\lpc_board_ea_devkit_4088\Debug\liblpc_board_ea_devkit_4088.a(board.o)
 .text.Chip_GPIO_WriteDirBit
                0x00000a00       0x30 C:\Users\JCT\Documents\MCUXpressoIDE_10.0.2_411\workspace\lpc_board_ea_devkit_4088\Debug\liblpc_board_ea_devkit_4088.a(board.o)
 .text.Board_LED_Init
                0x00000a30       0x70 C:\Users\JCT\Documents\MCUXpressoIDE_10.0.2_411\workspace\lpc_board_ea_devkit_4088\Debug\liblpc_board_ea_devkit_4088.a(board.o)
 .text.Board_Init
                0x00000aa0       0x20 C:\Users\JCT\Documents\MCUXpressoIDE_10.0.2_411\workspace\lpc_board_ea_devkit_4088\Debug\liblpc_board_ea_devkit_4088.a(board.o)
                0x00000aa0                Board_Init
 .text.Board_I2C_Init
                0x00000ac0       0x7c C:\Users\JCT\Documents\MCUXpressoIDE_10.0.2_411\workspace\lpc_board_ea_devkit_4088\Debug\liblpc_board_ea_devkit_4088.a(board.o)
                0x00000ac0                Board_I2C_Init
 .text.Board_Buttons_Init
                0x00000b3c       0x18 C:\Users\JCT\Documents\MCUXpressoIDE_10.0.2_411\workspace\lpc_board_ea_devkit_4088\Debug\liblpc_board_ea_devkit_4088.a(board.o)
                0x00000b3c                Board_Buttons_Init
 .text.Buttons_GetStatus
                0x00000b54       0x38 C:\Users\JCT\Documents\MCUXpressoIDE_10.0.2_411\workspace\lpc_board_ea_devkit_4088\Debug\liblpc_board_ea_devkit_4088.a(board.o)
                0x00000b54                Buttons_GetStatus
 .text.Board_Joystick_Init
                0x00000b8c       0x44 C:\Users\JCT\Documents\MCUXpressoIDE_10.0.2_411\workspace\lpc_board_ea_devkit_4088\Debug\liblpc_board_ea_devkit_4088.a(board.o)
                0x00000b8c                Board_Joystick_Init
 .text.Joystick_GetStatus
                0x00000bd0       0x64 C:\Users\JCT\Documents\MCUXpressoIDE_10.0.2_411\workspace\lpc_board_ea_devkit_4088\Debug\liblpc_board_ea_devkit_4088.a(board.o)
                0x00000bd0                Joystick_GetStatus
 .text.Board_USBD_Init
                0x00000c34       0xa8 C:\Users\JCT\Documents\MCUXpressoIDE_10.0.2_411\workspace\lpc_board_ea_devkit_4088\Debug\liblpc_board_ea_devkit_4088.a(board.o)
                0x00000c34                Board_USBD_Init
 .text.Chip_SYSCTL_EnableBoost
                0x00000cdc       0x1c C:\Users\JCT\Documents\MCUXpressoIDE_10.0.2_411\workspace\lpc_board_ea_devkit_4088\Debug\liblpc_board_ea_devkit_4088.a(board_sysinit.o)
 .text.Chip_Clock_SetEMCClockDiv
                0x00000cf8       0x24 C:\Users\JCT\Documents\MCUXpressoIDE_10.0.2_411\workspace\lpc_board_ea_devkit_4088\Debug\liblpc_board_ea_devkit_4088.a(board_sysinit.o)
 .text.Chip_IOCON_PinMuxSet
                0x00000d1c       0x30 C:\Users\JCT\Documents\MCUXpressoIDE_10.0.2_411\workspace\lpc_board_ea_devkit_4088\Debug\liblpc_board_ea_devkit_4088.a(board_sysinit.o)
 .text.Board_SetupMuxing
                0x00000d4c       0x84 C:\Users\JCT\Documents\MCUXpressoIDE_10.0.2_411\workspace\lpc_board_ea_devkit_4088\Debug\liblpc_board_ea_devkit_4088.a(board_sysinit.o)
                0x00000d4c                Board_SetupMuxing
 .text.Board_SetupClocking
                0x00000dd0       0x1c C:\Users\JCT\Documents\MCUXpressoIDE_10.0.2_411\workspace\lpc_board_ea_devkit_4088\Debug\liblpc_board_ea_devkit_4088.a(board_sysinit.o)
                0x00000dd0                Board_SetupClocking
 .text.Board_SetupExtMemory
                0x00000dec       0x5c C:\Users\JCT\Documents\MCUXpressoIDE_10.0.2_411\workspace\lpc_board_ea_devkit_4088\Debug\liblpc_board_ea_devkit_4088.a(board_sysinit.o)
                0x00000dec                Board_SetupExtMemory
 .text.Board_SystemInit
                0x00000e48       0x14 C:\Users\JCT\Documents\MCUXpressoIDE_10.0.2_411\workspace\lpc_board_ea_devkit_4088\Debug\liblpc_board_ea_devkit_4088.a(board_sysinit.o)
                0x00000e48                Board_SystemInit
 .text.Chip_Clock_GetPLLStatus
                0x00000e5c       0x28 C:\Users\JCT\Documents\MCUXpressoIDE_10.0.2_411\workspace\lpc_chip_40xx\Debug\liblpc_chip_40xx.a(chip_17xx_40xx.o)
 .text.SystemCoreClockUpdate
                0x00000e84       0x18 C:\Users\JCT\Documents\MCUXpressoIDE_10.0.2_411\workspace\lpc_chip_40xx\Debug\liblpc_chip_40xx.a(chip_17xx_40xx.o)
                0x00000e84                SystemCoreClockUpdate
 .text.Chip_USB_Init
                0x00000e9c       0x40 C:\Users\JCT\Documents\MCUXpressoIDE_10.0.2_411\workspace\lpc_chip_40xx\Debug\liblpc_chip_40xx.a(chip_17xx_40xx.o)
                0x00000e9c                Chip_USB_Init
 .text.Chip_Clock_IsMainPLLEnabled
                0x00000edc       0x28 C:\Users\JCT\Documents\MCUXpressoIDE_10.0.2_411\workspace\lpc_chip_40xx\Debug\liblpc_chip_40xx.a(clock_17xx_40xx.o)
 .text.Chip_Clock_FeedPLL
                0x00000f04       0x38 C:\Users\JCT\Documents\MCUXpressoIDE_10.0.2_411\workspace\lpc_chip_40xx\Debug\liblpc_chip_40xx.a(clock_17xx_40xx.o)
 .text.Chip_Clock_GetMainPLLSource
                0x00000f3c       0x20 C:\Users\JCT\Documents\MCUXpressoIDE_10.0.2_411\workspace\lpc_chip_40xx\Debug\liblpc_chip_40xx.a(clock_17xx_40xx.o)
 .text.Chip_Clock_GetPCLKDiv
                0x00000f5c       0x1c C:\Users\JCT\Documents\MCUXpressoIDE_10.0.2_411\workspace\lpc_chip_40xx\Debug\liblpc_chip_40xx.a(clock_17xx_40xx.o)
 .text.Chip_Clock_GetMainOscRate
                0x00000f78       0x18 C:\Users\JCT\Documents\MCUXpressoIDE_10.0.2_411\workspace\lpc_chip_40xx\Debug\liblpc_chip_40xx.a(clock_17xx_40xx.o)
 .text.Chip_Clock_GetIntOscRate
                0x00000f90       0x14 C:\Users\JCT\Documents\MCUXpressoIDE_10.0.2_411\workspace\lpc_chip_40xx\Debug\liblpc_chip_40xx.a(clock_17xx_40xx.o)
 .text.Chip_Clock_GetMainPLLInClockRate
                0x00000fa4       0x10 C:\Users\JCT\Documents\MCUXpressoIDE_10.0.2_411\workspace\lpc_chip_40xx\Debug\liblpc_chip_40xx.a(clock_17xx_40xx.o)
 .text.Chip_Clock_EnablePLL
                0x00000fb4       0x44 C:\Users\JCT\Documents\MCUXpressoIDE_10.0.2_411\workspace\lpc_chip_40xx\Debug\liblpc_chip_40xx.a(clock_17xx_40xx.o)
                0x00000fb4                Chip_Clock_EnablePLL
 .text.Chip_Clock_DisablePLL
                0x00000ff8       0x48 C:\Users\JCT\Documents\MCUXpressoIDE_10.0.2_411\workspace\lpc_chip_40xx\Debug\liblpc_chip_40xx.a(clock_17xx_40xx.o)
                0x00000ff8                Chip_Clock_DisablePLL
 .text.Chip_Clock_SetupPLL
                0x00001040       0x4c C:\Users\JCT\Documents\MCUXpressoIDE_10.0.2_411\workspace\lpc_chip_40xx\Debug\liblpc_chip_40xx.a(clock_17xx_40xx.o)
                0x00001040                Chip_Clock_SetupPLL
 .text.Chip_Clock_EnablePeriphClock
                0x0000108c       0x54 C:\Users\JCT\Documents\MCUXpressoIDE_10.0.2_411\workspace\lpc_chip_40xx\Debug\liblpc_chip_40xx.a(clock_17xx_40xx.o)
                0x0000108c                Chip_Clock_EnablePeriphClock
 .text.Chip_Clock_SetCPUClockSource
                0x000010e0       0x44 C:\Users\JCT\Documents\MCUXpressoIDE_10.0.2_411\workspace\lpc_chip_40xx\Debug\liblpc_chip_40xx.a(clock_17xx_40xx.o)
                0x000010e0                Chip_Clock_SetCPUClockSource
 .text.Chip_Clock_GetCPUClockSource
                0x00001124       0x30 C:\Users\JCT\Documents\MCUXpressoIDE_10.0.2_411\workspace\lpc_chip_40xx\Debug\liblpc_chip_40xx.a(clock_17xx_40xx.o)
                0x00001124                Chip_Clock_GetCPUClockSource
 .text.Chip_Clock_SetCPUClockDiv
                0x00001154       0x30 C:\Users\JCT\Documents\MCUXpressoIDE_10.0.2_411\workspace\lpc_chip_40xx\Debug\liblpc_chip_40xx.a(clock_17xx_40xx.o)
                0x00001154                Chip_Clock_SetCPUClockDiv
 .text.Chip_Clock_GetCPUClockDiv
                0x00001184       0x1c C:\Users\JCT\Documents\MCUXpressoIDE_10.0.2_411\workspace\lpc_chip_40xx\Debug\liblpc_chip_40xx.a(clock_17xx_40xx.o)
                0x00001184                Chip_Clock_GetCPUClockDiv
 .text.Chip_Clock_GetSYSCLKRate
                0x000011a0       0x2c C:\Users\JCT\Documents\MCUXpressoIDE_10.0.2_411\workspace\lpc_chip_40xx\Debug\liblpc_chip_40xx.a(clock_17xx_40xx.o)
                0x000011a0                Chip_Clock_GetSYSCLKRate
 .text.Chip_Clock_GetMainPLLOutClockRate
                0x000011cc       0x40 C:\Users\JCT\Documents\MCUXpressoIDE_10.0.2_411\workspace\lpc_chip_40xx\Debug\liblpc_chip_40xx.a(clock_17xx_40xx.o)
                0x000011cc                Chip_Clock_GetMainPLLOutClockRate
 .text.Chip_Clock_GetMainClockRate
                0x0000120c       0x28 C:\Users\JCT\Documents\MCUXpressoIDE_10.0.2_411\workspace\lpc_chip_40xx\Debug\liblpc_chip_40xx.a(clock_17xx_40xx.o)
                0x0000120c                Chip_Clock_GetMainClockRate
 .text.Chip_Clock_GetSystemClockRate
                0x00001234       0x18 C:\Users\JCT\Documents\MCUXpressoIDE_10.0.2_411\workspace\lpc_chip_40xx\Debug\liblpc_chip_40xx.a(clock_17xx_40xx.o)
                0x00001234                Chip_Clock_GetSystemClockRate
 .text.Chip_Clock_SetSPIFIClockSource
                0x0000124c       0x34 C:\Users\JCT\Documents\MCUXpressoIDE_10.0.2_411\workspace\lpc_chip_40xx\Debug\liblpc_chip_40xx.a(clock_17xx_40xx.o)
                0x0000124c                Chip_Clock_SetSPIFIClockSource
 .text.Chip_Clock_SetSPIFIClockDiv
                0x00001280       0x30 C:\Users\JCT\Documents\MCUXpressoIDE_10.0.2_411\workspace\lpc_chip_40xx\Debug\liblpc_chip_40xx.a(clock_17xx_40xx.o)
                0x00001280                Chip_Clock_SetSPIFIClockDiv
 .text.Chip_Clock_GetPeripheralClockRate
                0x000012b0       0x30 C:\Users\JCT\Documents\MCUXpressoIDE_10.0.2_411\workspace\lpc_chip_40xx\Debug\liblpc_chip_40xx.a(clock_17xx_40xx.o)
                0x000012b0                Chip_Clock_GetPeripheralClockRate
 .text.Chip_Clock_GetEMCClockDiv
                0x000012e0       0x1c C:\Users\JCT\Documents\MCUXpressoIDE_10.0.2_411\workspace\lpc_chip_40xx\Debug\liblpc_chip_40xx.a(emc_17xx_40xx.o)
 .text.Chip_Clock_GetEMCClockRate
                0x000012fc       0x18 C:\Users\JCT\Documents\MCUXpressoIDE_10.0.2_411\workspace\lpc_chip_40xx\Debug\liblpc_chip_40xx.a(emc_17xx_40xx.o)
 .text.convertTimmingParam
                0x00001314       0x6c C:\Users\JCT\Documents\MCUXpressoIDE_10.0.2_411\workspace\lpc_chip_40xx\Debug\liblpc_chip_40xx.a(emc_17xx_40xx.o)
 .text.getColsLen
                0x00001380       0x50 C:\Users\JCT\Documents\MCUXpressoIDE_10.0.2_411\workspace\lpc_chip_40xx\Debug\liblpc_chip_40xx.a(emc_17xx_40xx.o)
 .text.initDynMem
                0x000013d0      0x294 C:\Users\JCT\Documents\MCUXpressoIDE_10.0.2_411\workspace\lpc_chip_40xx\Debug\liblpc_chip_40xx.a(emc_17xx_40xx.o)
                0x000013d0                initDynMem
 .text.initStaticMem
                0x00001664       0xb0 C:\Users\JCT\Documents\MCUXpressoIDE_10.0.2_411\workspace\lpc_chip_40xx\Debug\liblpc_chip_40xx.a(emc_17xx_40xx.o)
                0x00001664                initStaticMem
 .text.Chip_EMC_Dynamic_Init
                0x00001714       0x24 C:\Users\JCT\Documents\MCUXpressoIDE_10.0.2_411\workspace\lpc_chip_40xx\Debug\liblpc_chip_40xx.a(emc_17xx_40xx.o)
                0x00001714                Chip_EMC_Dynamic_Init
 .text.Chip_EMC_Static_Init
                0x00001738       0x24 C:\Users\JCT\Documents\MCUXpressoIDE_10.0.2_411\workspace\lpc_chip_40xx\Debug\liblpc_chip_40xx.a(emc_17xx_40xx.o)
                0x00001738                Chip_EMC_Static_Init
 .text.Chip_EMC_Init
                0x0000175c       0x50 C:\Users\JCT\Documents\MCUXpressoIDE_10.0.2_411\workspace\lpc_chip_40xx\Debug\liblpc_chip_40xx.a(emc_17xx_40xx.o)
                0x0000175c                Chip_EMC_Init
 .text.fpuInit  0x000017ac       0x74 C:\Users\JCT\Documents\MCUXpressoIDE_10.0.2_411\workspace\lpc_chip_40xx\Debug\liblpc_chip_40xx.a(fpu_init.o)
                0x000017ac                fpuInit
 .text.enableClk
                0x00001820       0x30 C:\Users\JCT\Documents\MCUXpressoIDE_10.0.2_411\workspace\lpc_chip_40xx\Debug\liblpc_chip_40xx.a(i2c_17xx_40xx.o)
 .text.getClkRate
                0x00001850       0x18 C:\Users\JCT\Documents\MCUXpressoIDE_10.0.2_411\workspace\lpc_chip_40xx\Debug\liblpc_chip_40xx.a(i2c_17xx_40xx.o)
 .text.startMasterXfer
                0x00001868       0x20 C:\Users\JCT\Documents\MCUXpressoIDE_10.0.2_411\workspace\lpc_chip_40xx\Debug\liblpc_chip_40xx.a(i2c_17xx_40xx.o)
 .text.startSlaverXfer
                0x00001888       0x20 C:\Users\JCT\Documents\MCUXpressoIDE_10.0.2_411\workspace\lpc_chip_40xx\Debug\liblpc_chip_40xx.a(i2c_17xx_40xx.o)
 .text.isI2CBusFree
                0x000018a8       0x28 C:\Users\JCT\Documents\MCUXpressoIDE_10.0.2_411\workspace\lpc_chip_40xx\Debug\liblpc_chip_40xx.a(i2c_17xx_40xx.o)
 .text.getCurState
                0x000018d0       0x1c C:\Users\JCT\Documents\MCUXpressoIDE_10.0.2_411\workspace\lpc_chip_40xx\Debug\liblpc_chip_40xx.a(i2c_17xx_40xx.o)
 .text.handleMasterXferState
                0x000018ec      0x284 C:\Users\JCT\Documents\MCUXpressoIDE_10.0.2_411\workspace\lpc_chip_40xx\Debug\liblpc_chip_40xx.a(i2c_17xx_40xx.o)
                0x000018ec                handleMasterXferState
 .text.Chip_I2C_EventHandler
                0x00001b70       0x4c C:\Users\JCT\Documents\MCUXpressoIDE_10.0.2_411\workspace\lpc_chip_40xx\Debug\liblpc_chip_40xx.a(i2c_17xx_40xx.o)
                0x00001b70                Chip_I2C_EventHandler
 .text.Chip_I2C_EventHandlerPolling
                0x00001bbc       0x60 C:\Users\JCT\Documents\MCUXpressoIDE_10.0.2_411\workspace\lpc_chip_40xx\Debug\liblpc_chip_40xx.a(i2c_17xx_40xx.o)
                0x00001bbc                Chip_I2C_EventHandlerPolling
 .text.Chip_I2C_Init
                0x00001c1c       0x34 C:\Users\JCT\Documents\MCUXpressoIDE_10.0.2_411\workspace\lpc_chip_40xx\Debug\liblpc_chip_40xx.a(i2c_17xx_40xx.o)
                0x00001c1c                Chip_I2C_Init
 .text.Chip_I2C_SetClockRate
                0x00001c50       0x68 C:\Users\JCT\Documents\MCUXpressoIDE_10.0.2_411\workspace\lpc_chip_40xx\Debug\liblpc_chip_40xx.a(i2c_17xx_40xx.o)
                0x00001c50                Chip_I2C_SetClockRate
 .text.Chip_I2C_SetMasterEventHandler
                0x00001cb8       0x4c C:\Users\JCT\Documents\MCUXpressoIDE_10.0.2_411\workspace\lpc_chip_40xx\Debug\liblpc_chip_40xx.a(i2c_17xx_40xx.o)
                0x00001cb8                Chip_I2C_SetMasterEventHandler
 .text.Chip_I2C_MasterTransfer
                0x00001d04       0x9c C:\Users\JCT\Documents\MCUXpressoIDE_10.0.2_411\workspace\lpc_chip_40xx\Debug\liblpc_chip_40xx.a(i2c_17xx_40xx.o)
                0x00001d04                Chip_I2C_MasterTransfer
 .text.Chip_I2C_MasterCmdRead
                0x00001da0       0x60 C:\Users\JCT\Documents\MCUXpressoIDE_10.0.2_411\workspace\lpc_chip_40xx\Debug\liblpc_chip_40xx.a(i2c_17xx_40xx.o)
                0x00001da0                Chip_I2C_MasterCmdRead
 .text.Chip_I2C_MasterStateHandler
                0x00001e00       0x60 C:\Users\JCT\Documents\MCUXpressoIDE_10.0.2_411\workspace\lpc_chip_40xx\Debug\liblpc_chip_40xx.a(i2c_17xx_40xx.o)
                0x00001e00                Chip_I2C_MasterStateHandler
 .text.Chip_I2C_IsStateChanged
                0x00001e60       0x3c C:\Users\JCT\Documents\MCUXpressoIDE_10.0.2_411\workspace\lpc_chip_40xx\Debug\liblpc_chip_40xx.a(i2c_17xx_40xx.o)
                0x00001e60                Chip_I2C_IsStateChanged
 .text.Chip_IOCON_PinMuxSet
                0x00001e9c       0x30 C:\Users\JCT\Documents\MCUXpressoIDE_10.0.2_411\workspace\lpc_chip_40xx\Debug\liblpc_chip_40xx.a(iocon_17xx_40xx.o)
 .text.Chip_IOCON_SetPinMuxing
                0x00001ecc       0x64 C:\Users\JCT\Documents\MCUXpressoIDE_10.0.2_411\workspace\lpc_chip_40xx\Debug\liblpc_chip_40xx.a(iocon_17xx_40xx.o)
                0x00001ecc                Chip_IOCON_SetPinMuxing
 .text.Chip_SYSCTL_PeriphReset
                0x00001f30       0x68 C:\Users\JCT\Documents\MCUXpressoIDE_10.0.2_411\workspace\lpc_chip_40xx\Debug\liblpc_chip_40xx.a(sysctl_17xx_40xx.o)
                0x00001f30                Chip_SYSCTL_PeriphReset
 .text.Chip_Clock_IsMainPLLEnabled
                0x00001f98       0x28 C:\Users\JCT\Documents\MCUXpressoIDE_10.0.2_411\workspace\lpc_chip_40xx\Debug\liblpc_chip_40xx.a(sysinit_17xx_40xx.o)
 .text.Chip_Clock_IsMainPLLLocked
                0x00001fc0       0x28 C:\Users\JCT\Documents\MCUXpressoIDE_10.0.2_411\workspace\lpc_chip_40xx\Debug\liblpc_chip_40xx.a(sysinit_17xx_40xx.o)
 .text.Chip_Clock_EnableCrystal
                0x00001fe8       0x24 C:\Users\JCT\Documents\MCUXpressoIDE_10.0.2_411\workspace\lpc_chip_40xx\Debug\liblpc_chip_40xx.a(sysinit_17xx_40xx.o)
 .text.Chip_Clock_IsCrystalEnabled
                0x0000200c       0x28 C:\Users\JCT\Documents\MCUXpressoIDE_10.0.2_411\workspace\lpc_chip_40xx\Debug\liblpc_chip_40xx.a(sysinit_17xx_40xx.o)
 .text.Chip_Clock_SetMainPLLSource
                0x00002034       0x24 C:\Users\JCT\Documents\MCUXpressoIDE_10.0.2_411\workspace\lpc_chip_40xx\Debug\liblpc_chip_40xx.a(sysinit_17xx_40xx.o)
 .text.Chip_Clock_SetPCLKDiv
                0x00002058       0x20 C:\Users\JCT\Documents\MCUXpressoIDE_10.0.2_411\workspace\lpc_chip_40xx\Debug\liblpc_chip_40xx.a(sysinit_17xx_40xx.o)
 .text.Chip_SetupXtalClocking
                0x00002078       0x84 C:\Users\JCT\Documents\MCUXpressoIDE_10.0.2_411\workspace\lpc_chip_40xx\Debug\liblpc_chip_40xx.a(sysinit_17xx_40xx.o)
                0x00002078                Chip_SetupXtalClocking
 .text.EPAdr    0x000020fc       0x10 C:\Users\JCT\Documents\MCUXpressoIDE_10.0.2_411\workspace\lpc_chip_40xx\libs\libusbd_40xx_lib.a(hw_usbd_ip3503.o)
                0x000020fc                EPAdr
 .text.hwWrCmd  0x0000210c       0x10 C:\Users\JCT\Documents\MCUXpressoIDE_10.0.2_411\workspace\lpc_chip_40xx\libs\libusbd_40xx_lib.a(hw_usbd_ip3503.o)
                0x0000210c                hwWrCmd
 .text.hwWrCmdDat
                0x0000211c       0x16 C:\Users\JCT\Documents\MCUXpressoIDE_10.0.2_411\workspace\lpc_chip_40xx\libs\libusbd_40xx_lib.a(hw_usbd_ip3503.o)
                0x0000211c                hwWrCmdDat
 .text.hwWrCmdEP
                0x00002132       0x24 C:\Users\JCT\Documents\MCUXpressoIDE_10.0.2_411\workspace\lpc_chip_40xx\libs\libusbd_40xx_lib.a(hw_usbd_ip3503.o)
                0x00002132                hwWrCmdEP
 .text.hwRdCmdDat
                0x00002156       0x12 C:\Users\JCT\Documents\MCUXpressoIDE_10.0.2_411\workspace\lpc_chip_40xx\libs\libusbd_40xx_lib.a(hw_usbd_ip3503.o)
                0x00002156                hwRdCmdDat
 .text.hwUSB_GetMemSize
                0x00002168        0x6 C:\Users\JCT\Documents\MCUXpressoIDE_10.0.2_411\workspace\lpc_chip_40xx\libs\libusbd_40xx_lib.a(hw_usbd_ip3503.o)
                0x00002168                hwUSB_GetMemSize
 *fill*         0x0000216e        0x2 ff
 .text.hwUSB_Connect
                0x00002170       0x1c C:\Users\JCT\Documents\MCUXpressoIDE_10.0.2_411\workspace\lpc_chip_40xx\libs\libusbd_40xx_lib.a(hw_usbd_ip3503.o)
                0x00002170                hwUSB_Connect
 .text.hwUSB_Reset
                0x0000218c       0x30 C:\Users\JCT\Documents\MCUXpressoIDE_10.0.2_411\workspace\lpc_chip_40xx\libs\libusbd_40xx_lib.a(hw_usbd_ip3503.o)
                0x0000218c                hwUSB_Reset
 .text.hwUSB_WakeUp
                0x000021bc       0x20 C:\Users\JCT\Documents\MCUXpressoIDE_10.0.2_411\workspace\lpc_chip_40xx\libs\libusbd_40xx_lib.a(hw_usbd_ip3503.o)
                0x000021bc                hwUSB_WakeUp
 .text.hwUSB_WakeUpCfg
                0x000021dc        0x2 C:\Users\JCT\Documents\MCUXpressoIDE_10.0.2_411\workspace\lpc_chip_40xx\libs\libusbd_40xx_lib.a(hw_usbd_ip3503.o)
                0x000021dc                hwUSB_WakeUpCfg
 *fill*         0x000021de        0x2 ff
 .text.hwUSB_SetAddress
                0x000021e0       0x30 C:\Users\JCT\Documents\MCUXpressoIDE_10.0.2_411\workspace\lpc_chip_40xx\libs\libusbd_40xx_lib.a(hw_usbd_ip3503.o)
                0x000021e0                hwUSB_SetAddress
 .text.hwUSB_Init
                0x00002210       0x84 C:\Users\JCT\Documents\MCUXpressoIDE_10.0.2_411\workspace\lpc_chip_40xx\libs\libusbd_40xx_lib.a(hw_usbd_ip3503.o)
                0x00002210                hwUSB_Init
 .text.hwUSB_Configure
                0x00002294       0x34 C:\Users\JCT\Documents\MCUXpressoIDE_10.0.2_411\workspace\lpc_chip_40xx\libs\libusbd_40xx_lib.a(hw_usbd_ip3503.o)
                0x00002294                hwUSB_Configure
 .text.hwUSB_ConfigEP
                0x000022c8       0x32 C:\Users\JCT\Documents\MCUXpressoIDE_10.0.2_411\workspace\lpc_chip_40xx\libs\libusbd_40xx_lib.a(hw_usbd_ip3503.o)
                0x000022c8                hwUSB_ConfigEP
 .text.hwUSB_DirCtrlEP
                0x000022fa        0x2 C:\Users\JCT\Documents\MCUXpressoIDE_10.0.2_411\workspace\lpc_chip_40xx\libs\libusbd_40xx_lib.a(hw_usbd_ip3503.o)
                0x000022fa                hwUSB_DirCtrlEP
 .text.hwUSB_EnableEP
                0x000022fc       0x24 C:\Users\JCT\Documents\MCUXpressoIDE_10.0.2_411\workspace\lpc_chip_40xx\libs\libusbd_40xx_lib.a(hw_usbd_ip3503.o)
                0x000022fc                hwUSB_EnableEP
 .text.hwUSB_DisableEP
                0x00002320       0x28 C:\Users\JCT\Documents\MCUXpressoIDE_10.0.2_411\workspace\lpc_chip_40xx\libs\libusbd_40xx_lib.a(hw_usbd_ip3503.o)
                0x00002320                hwUSB_DisableEP
 .text.hwUSB_ResetEP
                0x00002348       0x24 C:\Users\JCT\Documents\MCUXpressoIDE_10.0.2_411\workspace\lpc_chip_40xx\libs\libusbd_40xx_lib.a(hw_usbd_ip3503.o)
                0x00002348                hwUSB_ResetEP
 .text.hwUSB_SetStallEP
                0x0000236c       0x28 C:\Users\JCT\Documents\MCUXpressoIDE_10.0.2_411\workspace\lpc_chip_40xx\libs\libusbd_40xx_lib.a(hw_usbd_ip3503.o)
                0x0000236c                hwUSB_SetStallEP
 .text.hwUSB_ClrStallEP
                0x00002394       0x24 C:\Users\JCT\Documents\MCUXpressoIDE_10.0.2_411\workspace\lpc_chip_40xx\libs\libusbd_40xx_lib.a(hw_usbd_ip3503.o)
                0x00002394                hwUSB_ClrStallEP
 .text.hwUSB_EnableEvent
                0x000023b8       0xd8 C:\Users\JCT\Documents\MCUXpressoIDE_10.0.2_411\workspace\lpc_chip_40xx\libs\libusbd_40xx_lib.a(hw_usbd_ip3503.o)
                0x000023b8                hwUSB_EnableEvent
 .text.hwUSB_ReadEP
                0x00002490       0x80 C:\Users\JCT\Documents\MCUXpressoIDE_10.0.2_411\workspace\lpc_chip_40xx\libs\libusbd_40xx_lib.a(hw_usbd_ip3503.o)
                0x00002490                hwUSB_ReadEP
 .text.hwUSB_ForceFullSpeed
                0x00002510        0x2 C:\Users\JCT\Documents\MCUXpressoIDE_10.0.2_411\workspace\lpc_chip_40xx\libs\libusbd_40xx_lib.a(hw_usbd_ip3503.o)
                0x00002510                hwUSB_ForceFullSpeed
 .text.hwUSB_SetTestMode
                0x00002512        0x4 C:\Users\JCT\Documents\MCUXpressoIDE_10.0.2_411\workspace\lpc_chip_40xx\libs\libusbd_40xx_lib.a(hw_usbd_ip3503.o)
                0x00002512                hwUSB_SetTestMode
 .text.hwUSB_ReadReqEP
                0x00002516        0x4 C:\Users\JCT\Documents\MCUXpressoIDE_10.0.2_411\workspace\lpc_chip_40xx\libs\libusbd_40xx_lib.a(hw_usbd_ip3503.o)
                0x00002516                hwUSB_ReadReqEP
 .text.hwUSB_ReadSetupPkt
                0x0000251a        0x4 C:\Users\JCT\Documents\MCUXpressoIDE_10.0.2_411\workspace\lpc_chip_40xx\libs\libusbd_40xx_lib.a(hw_usbd_ip3503.o)
                0x0000251a                hwUSB_ReadSetupPkt
 *fill*         0x0000251e        0x2 ff
 .text.hwUSB_WriteEP
                0x00002520       0x44 C:\Users\JCT\Documents\MCUXpressoIDE_10.0.2_411\workspace\lpc_chip_40xx\libs\libusbd_40xx_lib.a(hw_usbd_ip3503.o)
                0x00002520                hwUSB_WriteEP
 .text.hwUSB_ISR
                0x00002564      0x1a0 C:\Users\JCT\Documents\MCUXpressoIDE_10.0.2_411\workspace\lpc_chip_40xx\libs\libusbd_40xx_lib.a(hw_usbd_ip3503.o)
                0x00002564                hwUSB_ISR
 .text.USB_ReqGetConfiguration
                0x00002704       0x20 C:\Users\JCT\Documents\MCUXpressoIDE_10.0.2_411\workspace\lpc_chip_40xx\libs\libusbd_40xx_lib.a(mw_usbd_core.o)
                0x00002704                USB_ReqGetConfiguration
 .text.USBD_virt_to_phys
                0x00002724        0x2 C:\Users\JCT\Documents\MCUXpressoIDE_10.0.2_411\workspace\lpc_chip_40xx\libs\libusbd_40xx_lib.a(mw_usbd_core.o)
                0x00002724                USBD_virt_to_phys
 .text.USBD_cache_flush
                0x00002726        0x2 C:\Users\JCT\Documents\MCUXpressoIDE_10.0.2_411\workspace\lpc_chip_40xx\libs\libusbd_40xx_lib.a(mw_usbd_core.o)
                0x00002726                USBD_cache_flush
 .text.USB_ReqGetStatus
                0x00002728       0x8c C:\Users\JCT\Documents\MCUXpressoIDE_10.0.2_411\workspace\lpc_chip_40xx\libs\libusbd_40xx_lib.a(mw_usbd_core.o)
                0x00002728                USB_ReqGetStatus
 .text.USB_ReqGetDescriptor
                0x000027b4       0x84 C:\Users\JCT\Documents\MCUXpressoIDE_10.0.2_411\workspace\lpc_chip_40xx\libs\libusbd_40xx_lib.a(mw_usbd_core.o)
                0x000027b4                USB_ReqGetDescriptor
 .text.USB_ReqGetInterface
                0x00002838       0x34 C:\Users\JCT\Documents\MCUXpressoIDE_10.0.2_411\workspace\lpc_chip_40xx\libs\libusbd_40xx_lib.a(mw_usbd_core.o)
                0x00002838                USB_ReqGetInterface
 .text.USB_ReqSetClrFeature
                0x0000286c       0xb4 C:\Users\JCT\Documents\MCUXpressoIDE_10.0.2_411\workspace\lpc_chip_40xx\libs\libusbd_40xx_lib.a(mw_usbd_core.o)
                0x0000286c                USB_ReqSetClrFeature
 .text.USB_ReqSetConfiguration
                0x00002920      0x194 C:\Users\JCT\Documents\MCUXpressoIDE_10.0.2_411\workspace\lpc_chip_40xx\libs\libusbd_40xx_lib.a(mw_usbd_core.o)
                0x00002920                USB_ReqSetConfiguration
 .text.USB_ReqSetInterface
                0x00002ab4      0x144 C:\Users\JCT\Documents\MCUXpressoIDE_10.0.2_411\workspace\lpc_chip_40xx\libs\libusbd_40xx_lib.a(mw_usbd_core.o)
                0x00002ab4                USB_ReqSetInterface
 .text.mwUSB_SetupStage
                0x00002bf8        0xa C:\Users\JCT\Documents\MCUXpressoIDE_10.0.2_411\workspace\lpc_chip_40xx\libs\libusbd_40xx_lib.a(mw_usbd_core.o)
                0x00002bf8                mwUSB_SetupStage
 .text.mwUSB_DataInStage
                0x00002c02       0x2e C:\Users\JCT\Documents\MCUXpressoIDE_10.0.2_411\workspace\lpc_chip_40xx\libs\libusbd_40xx_lib.a(mw_usbd_core.o)
                0x00002c02                mwUSB_DataInStage
 .text.mwUSB_DataOutStage
                0x00002c30       0x24 C:\Users\JCT\Documents\MCUXpressoIDE_10.0.2_411\workspace\lpc_chip_40xx\libs\libusbd_40xx_lib.a(mw_usbd_core.o)
                0x00002c30                mwUSB_DataOutStage
 .text.mwUSB_StatusInStage
                0x00002c54        0xa C:\Users\JCT\Documents\MCUXpressoIDE_10.0.2_411\workspace\lpc_chip_40xx\libs\libusbd_40xx_lib.a(mw_usbd_core.o)
                0x00002c54                mwUSB_StatusInStage
 .text.mwUSB_StatusOutStage
                0x00002c5e        0xa C:\Users\JCT\Documents\MCUXpressoIDE_10.0.2_411\workspace\lpc_chip_40xx\libs\libusbd_40xx_lib.a(mw_usbd_core.o)
                0x00002c5e                mwUSB_StatusOutStage
 .text.mwUSB_StallEp0
                0x00002c68       0x12 C:\Users\JCT\Documents\MCUXpressoIDE_10.0.2_411\workspace\lpc_chip_40xx\libs\libusbd_40xx_lib.a(mw_usbd_core.o)
                0x00002c68                mwUSB_StallEp0
 *fill*         0x00002c7a        0x2 ff
 .text.USB_ReqSetAddress
                0x00002c7c       0x24 C:\Users\JCT\Documents\MCUXpressoIDE_10.0.2_411\workspace\lpc_chip_40xx\libs\libusbd_40xx_lib.a(mw_usbd_core.o)
                0x00002c7c                USB_ReqSetAddress
 .text.USB_InvokeEp0Hdlrs
                0x00002ca0       0x44 C:\Users\JCT\Documents\MCUXpressoIDE_10.0.2_411\workspace\lpc_chip_40xx\libs\libusbd_40xx_lib.a(mw_usbd_core.o)
                0x00002ca0                USB_InvokeEp0Hdlrs
 .text.mwUSB_ResetCore
                0x00002ce4       0x26 C:\Users\JCT\Documents\MCUXpressoIDE_10.0.2_411\workspace\lpc_chip_40xx\libs\libusbd_40xx_lib.a(mw_usbd_core.o)
                0x00002ce4                mwUSB_ResetCore
 *fill*         0x00002d0a        0x2 ff
 .text.USB_EvtSetupHandler
                0x00002d0c      0x108 C:\Users\JCT\Documents\MCUXpressoIDE_10.0.2_411\workspace\lpc_chip_40xx\libs\libusbd_40xx_lib.a(mw_usbd_core.o)
                0x00002d0c                USB_EvtSetupHandler
 .text.USB_EvtOutHandler
                0x00002e14       0x68 C:\Users\JCT\Documents\MCUXpressoIDE_10.0.2_411\workspace\lpc_chip_40xx\libs\libusbd_40xx_lib.a(mw_usbd_core.o)
                0x00002e14                USB_EvtOutHandler
 .text.USB_EndPoint0
                0x00002e7c       0x94 C:\Users\JCT\Documents\MCUXpressoIDE_10.0.2_411\workspace\lpc_chip_40xx\libs\libusbd_40xx_lib.a(mw_usbd_core.o)
                0x00002e7c                USB_EndPoint0
 .text.mwUSB_InitCore
                0x00002f10       0xdc C:\Users\JCT\Documents\MCUXpressoIDE_10.0.2_411\workspace\lpc_chip_40xx\libs\libusbd_40xx_lib.a(mw_usbd_core.o)
                0x00002f10                mwUSB_InitCore
 .text.mwUSB_RegisterClassHandler
                0x00002fec       0x28 C:\Users\JCT\Documents\MCUXpressoIDE_10.0.2_411\workspace\lpc_chip_40xx\libs\libusbd_40xx_lib.a(mw_usbd_core.o)
                0x00002fec                mwUSB_RegisterClassHandler
 .text.mwUSB_RegisterEpHandler
                0x00003014       0x24 C:\Users\JCT\Documents\MCUXpressoIDE_10.0.2_411\workspace\lpc_chip_40xx\libs\libusbd_40xx_lib.a(mw_usbd_core.o)
                0x00003014                mwUSB_RegisterEpHandler
 .text.mwHID_GetReportDesc
                0x00003038       0x1c C:\Users\JCT\Documents\MCUXpressoIDE_10.0.2_411\workspace\lpc_chip_40xx\libs\libusbd_40xx_lib.a(mw_usbd_hiduser.o)
                0x00003038                mwHID_GetReportDesc
 .text.mwHID_GetIdle
                0x00003054       0x16 C:\Users\JCT\Documents\MCUXpressoIDE_10.0.2_411\workspace\lpc_chip_40xx\libs\libusbd_40xx_lib.a(mw_usbd_hiduser.o)
                0x00003054                mwHID_GetIdle
 .text.mwHID_SetIdle
                0x0000306a       0x24 C:\Users\JCT\Documents\MCUXpressoIDE_10.0.2_411\workspace\lpc_chip_40xx\libs\libusbd_40xx_lib.a(mw_usbd_hiduser.o)
                0x0000306a                mwHID_SetIdle
 .text.mwHID_SetProtocol
                0x0000308e       0x1a C:\Users\JCT\Documents\MCUXpressoIDE_10.0.2_411\workspace\lpc_chip_40xx\libs\libusbd_40xx_lib.a(mw_usbd_hiduser.o)
                0x0000308e                mwHID_SetProtocol
 .text.mwHID_ep0_hdlr
                0x000030a8      0x188 C:\Users\JCT\Documents\MCUXpressoIDE_10.0.2_411\workspace\lpc_chip_40xx\libs\libusbd_40xx_lib.a(mw_usbd_hiduser.o)
                0x000030a8                mwHID_ep0_hdlr
 .text.mwHID_GetMemSize
                0x00003230        0xa C:\Users\JCT\Documents\MCUXpressoIDE_10.0.2_411\workspace\lpc_chip_40xx\libs\libusbd_40xx_lib.a(mw_usbd_hiduser.o)
                0x00003230                mwHID_GetMemSize
 *fill*         0x0000323a        0x2 ff
 .text.mwHID_init
                0x0000323c      0x178 C:\Users\JCT\Documents\MCUXpressoIDE_10.0.2_411\workspace\lpc_chip_40xx\libs\libusbd_40xx_lib.a(mw_usbd_hiduser.o)
                0x0000323c                mwHID_init
 .text.__main   0x000033b4        0xe c:/system/mcuxpressoide_10.0.2_411/ide/tools/bin/../lib/gcc/arm-none-eabi/5.4.1/../../../../arm-none-eabi/lib/armv7e-m/softfp\libcr_semihost_nf.a(_cr__main.o)
                0x000033b4                __CR_SEMIHOST
                0x000033b4                __main
 .text.memcpy   0x000033c2        0x4 c:/system/mcuxpressoide_10.0.2_411/ide/tools/bin/../lib/gcc/arm-none-eabi/5.4.1/../../../../arm-none-eabi/lib/armv7e-m/softfp\libcr_c.a(memcpy.o)
                0x000033c2                memcpy
 .text.memset   0x000033c6        0x4 c:/system/mcuxpressoide_10.0.2_411/ide/tools/bin/../lib/gcc/arm-none-eabi/5.4.1/../../../../arm-none-eabi/lib/armv7e-m/softfp\libcr_c.a(memset.o)
                0x000033c6                memset
 *fill*         0x000033ca        0x2 ff
 .text._initio  0x000033cc       0x78 c:/system/mcuxpressoide_10.0.2_411/ide/tools/bin/../lib/gcc/arm-none-eabi/5.4.1/../../../../arm-none-eabi/lib/armv7e-m/softfp\libcr_c.a(initio.o)
                0x000033cc                _initio
 .text.puts     0x00003444       0x34 c:/system/mcuxpressoide_10.0.2_411/ide/tools/bin/../lib/gcc/arm-none-eabi/5.4.1/../../../../arm-none-eabi/lib/armv7e-m/softfp\libcr_c.a(puts.o)
                0x00003444                puts
 .text.setvbuf  0x00003478       0x44 c:/system/mcuxpressoide_10.0.2_411/ide/tools/bin/../lib/gcc/arm-none-eabi/5.4.1/../../../../arm-none-eabi/lib/armv7e-m/softfp\libcr_c.a(setvbuf.o)
                0x00003478                setvbuf
 .text.strlen   0x000034bc       0x4a c:/system/mcuxpressoide_10.0.2_411/ide/tools/bin/../lib/gcc/arm-none-eabi/5.4.1/../../../../arm-none-eabi/lib/armv7e-m/softfp\libcr_c.a(strlen.o)
                0x000034bc                strlen
 .text._deferredlazyseek
                0x00003506       0x40 c:/system/mcuxpressoide_10.0.2_411/ide/tools/bin/../lib/gcc/arm-none-eabi/5.4.1/../../../../arm-none-eabi/lib/armv7e-m/softfp\libcr_c.a(_deferredlazyseek.o)
                0x00003506                _deferredlazyseek
 .text._fdopen  0x00003546       0x6a c:/system/mcuxpressoide_10.0.2_411/ide/tools/bin/../lib/gcc/arm-none-eabi/5.4.1/../../../../arm-none-eabi/lib/armv7e-m/softfp\libcr_c.a(_fdopen.o)
                0x00003546                _fdopen
 .text._fflush  0x000035b0       0x54 c:/system/mcuxpressoide_10.0.2_411/ide/tools/bin/../lib/gcc/arm-none-eabi/5.4.1/../../../../arm-none-eabi/lib/armv7e-m/softfp\libcr_c.a(_fflush.o)
                0x000035b0                _fflush
 .text._Cwritebuf
                0x00003604       0x68 c:/system/mcuxpressoide_10.0.2_411/ide/tools/bin/../lib/gcc/arm-none-eabi/5.4.1/../../../../arm-none-eabi/lib/armv7e-m/softfp\libcr_c.a(_writebuf.o)
                0x00003604                _Cwritebuf
 .text.free     0x0000366c       0x30 c:/system/mcuxpressoide_10.0.2_411/ide/tools/bin/../lib/gcc/arm-none-eabi/5.4.1/../../../../arm-none-eabi/lib/armv7e-m/softfp\libcr_c.a(alloc.o)
                0x0000366c                free
 .text.fclose   0x0000369c       0x58 c:/system/mcuxpressoide_10.0.2_411/ide/tools/bin/../lib/gcc/arm-none-eabi/5.4.1/../../../../arm-none-eabi/lib/armv7e-m/softfp\libcr_c.a(fclose.o)
                0x0000369c                fclose
 .text.fflush   0x000036f4       0x48 c:/system/mcuxpressoide_10.0.2_411/ide/tools/bin/../lib/gcc/arm-none-eabi/5.4.1/../../../../arm-none-eabi/lib/armv7e-m/softfp\libcr_c.a(fflush.o)
                0x000036f4                fflush
 .text.fseek    0x0000373c      0x100 c:/system/mcuxpressoide_10.0.2_411/ide/tools/bin/../lib/gcc/arm-none-eabi/5.4.1/../../../../arm-none-eabi/lib/armv7e-m/softfp\libcr_c.a(fseek.o)
                0x0000373c                fseek
 .text.ftell    0x0000383c       0x48 c:/system/mcuxpressoide_10.0.2_411/ide/tools/bin/../lib/gcc/arm-none-eabi/5.4.1/../../../../arm-none-eabi/lib/armv7e-m/softfp\libcr_c.a(ftell.o)
                0x0000383c                ftell
 .text.remove   0x00003884       0x14 c:/system/mcuxpressoide_10.0.2_411/ide/tools/bin/../lib/gcc/arm-none-eabi/5.4.1/../../../../arm-none-eabi/lib/armv7e-m/softfp\libcr_c.a(remove.o)
                0x00003884                remove
 .text._do_fflush
                0x00003898       0x42 c:/system/mcuxpressoide_10.0.2_411/ide/tools/bin/../lib/gcc/arm-none-eabi/5.4.1/../../../../arm-none-eabi/lib/armv7e-m/softfp\libcr_c.a(_do_fflush.o)
                0x00003898                _do_fflush
 .text.__aeabi_memcpy
                0x000038da       0x34 c:/system/mcuxpressoide_10.0.2_411/ide/tools/bin/../lib/gcc/arm-none-eabi/5.4.1/armv7e-m/softfp\libcr_eabihelpers.a(memcpy.o)
                0x000038da                __aeabi_memcpy
                0x000038e4                __aeabi_memcpy8
                0x000038e4                __aeabi_memcpy4
 .text.__aeabi_memset_lowlevel
                0x0000390e       0x32 c:/system/mcuxpressoide_10.0.2_411/ide/tools/bin/../lib/gcc/arm-none-eabi/5.4.1/armv7e-m/softfp\libcr_eabihelpers.a(memcpy.o)
                0x0000390e                __aeabi_lowlevel_memset
 .text.__sys_close
                0x00003940        0xc c:/system/mcuxpressoide_10.0.2_411/ide/tools/bin/../lib/gcc/arm-none-eabi/5.4.1/../../../../arm-none-eabi/lib/armv7e-m/softfp\libcr_semihost_nf.a(__sys_close.o)
                0x00003940                __sys_close
 .text.__sys_flen
                0x0000394c        0xc c:/system/mcuxpressoide_10.0.2_411/ide/tools/bin/../lib/gcc/arm-none-eabi/5.4.1/../../../../arm-none-eabi/lib/armv7e-m/softfp\libcr_semihost_nf.a(__sys_flen.o)
                0x0000394c                __sys_flen
 .text.__sys_istty
                0x00003958        0xc c:/system/mcuxpressoide_10.0.2_411/ide/tools/bin/../lib/gcc/arm-none-eabi/5.4.1/../../../../arm-none-eabi/lib/armv7e-m/softfp\libcr_semihost_nf.a(__sys_istty.o)
                0x00003958                __sys_istty
 .text.__sys_remove
                0x00003964        0xc c:/system/mcuxpressoide_10.0.2_411/ide/tools/bin/../lib/gcc/arm-none-eabi/5.4.1/../../../../arm-none-eabi/lib/armv7e-m/softfp\libcr_semihost_nf.a(__sys_remove.o)
                0x00003964                __sys_remove
 .text.__sys_seek
                0x00003970        0xc c:/system/mcuxpressoide_10.0.2_411/ide/tools/bin/../lib/gcc/arm-none-eabi/5.4.1/../../../../arm-none-eabi/lib/armv7e-m/softfp\libcr_semihost_nf.a(__sys_seek.o)
                0x00003970                __sys_seek
 .text.__sys_tmpnam
                0x0000397c        0xc c:/system/mcuxpressoide_10.0.2_411/ide/tools/bin/../lib/gcc/arm-none-eabi/5.4.1/../../../../arm-none-eabi/lib/armv7e-m/softfp\libcr_semihost_nf.a(__sys_tmpnam.o)
                0x0000397c                __sys_tmpnam
 .text.__sys_write
                0x00003988        0xc c:/system/mcuxpressoide_10.0.2_411/ide/tools/bin/../lib/gcc/arm-none-eabi/5.4.1/../../../../arm-none-eabi/lib/armv7e-m/softfp\libcr_semihost_nf.a(__sys_write.o)
                0x00003988                __sys_write
 *(.rodata .rodata.* .constdata .constdata.*)
 .rodata.Mouse_ReportDescriptor
                0x00003994       0x32 ./example/src/hid_desc.o
                0x00003994                Mouse_ReportDescriptor
 .rodata.Mouse_ReportDescSize
                0x000039c6        0x2 ./example/src/hid_desc.o
                0x000039c6                Mouse_ReportDescSize
 .rodata.USB_DeviceDescriptor
                0x000039c8       0x12 ./example/src/hid_desc.o
                0x000039c8                USB_DeviceDescriptor
 *fill*         0x000039da        0x2 ff
 .rodata.USB_StringDescriptor
                0x000039dc       0x74 ./example/src/hid_desc.o
                0x000039dc                USB_StringDescriptor
 .rodata.g_usbApi
                0x00003a50       0x20 ./example/src/hid_main.o
 .rodata        0x00003a70        0xa ./example/src/hid_main.o
 *fill*         0x00003a7a        0x2 ff
 .rodata.OscRateIn
                0x00003a7c        0x4 C:\Users\JCT\Documents\MCUXpressoIDE_10.0.2_411\workspace\lpc_board_ea_devkit_4088\Debug\liblpc_board_ea_devkit_4088.a(board.o)
                0x00003a7c                OscRateIn
 .rodata.ledports
                0x00003a80        0x4 C:\Users\JCT\Documents\MCUXpressoIDE_10.0.2_411\workspace\lpc_board_ea_devkit_4088\Debug\liblpc_board_ea_devkit_4088.a(board.o)
 .rodata.ledpins
                0x00003a84        0x4 C:\Users\JCT\Documents\MCUXpressoIDE_10.0.2_411\workspace\lpc_board_ea_devkit_4088\Debug\liblpc_board_ea_devkit_4088.a(board.o)
 .rodata.portButton
                0x00003a88        0x5 C:\Users\JCT\Documents\MCUXpressoIDE_10.0.2_411\workspace\lpc_board_ea_devkit_4088\Debug\liblpc_board_ea_devkit_4088.a(board.o)
 *fill*         0x00003a8d        0x3 ff
 .rodata.pinButton
                0x00003a90        0x5 C:\Users\JCT\Documents\MCUXpressoIDE_10.0.2_411\workspace\lpc_board_ea_devkit_4088\Debug\liblpc_board_ea_devkit_4088.a(board.o)
 *fill*         0x00003a95        0x3 ff
 .rodata.stateButton
                0x00003a98        0x5 C:\Users\JCT\Documents\MCUXpressoIDE_10.0.2_411\workspace\lpc_board_ea_devkit_4088\Debug\liblpc_board_ea_devkit_4088.a(board.o)
 *fill*         0x00003a9d        0x3 ff
 .rodata.pinmuxing
                0x00003aa0       0x88 C:\Users\JCT\Documents\MCUXpressoIDE_10.0.2_411\workspace\lpc_board_ea_devkit_4088\Debug\liblpc_board_ea_devkit_4088.a(board_sysinit.o)
 .rodata.IS42S32800D_config
                0x00003b28       0x74 C:\Users\JCT\Documents\MCUXpressoIDE_10.0.2_411\workspace\lpc_board_ea_devkit_4088\Debug\liblpc_board_ea_devkit_4088.a(board_sysinit.o)
 .rodata.SST39VF320_config
                0x00003b9c       0x20 C:\Users\JCT\Documents\MCUXpressoIDE_10.0.2_411\workspace\lpc_board_ea_devkit_4088\Debug\liblpc_board_ea_devkit_4088.a(board_sysinit.o)
 .rodata.K9F1G_config
                0x00003bbc       0x20 C:\Users\JCT\Documents\MCUXpressoIDE_10.0.2_411\workspace\lpc_board_ea_devkit_4088\Debug\liblpc_board_ea_devkit_4088.a(board_sysinit.o)
 .rodata.hw_api
                0x00003bdc       0x5c C:\Users\JCT\Documents\MCUXpressoIDE_10.0.2_411\workspace\lpc_chip_40xx\libs\libusbd_40xx_lib.a(mw_usbd_rom_api.o)
                0x00003bdc                hw_api
 .rodata.core_api
                0x00003c38       0x20 C:\Users\JCT\Documents\MCUXpressoIDE_10.0.2_411\workspace\lpc_chip_40xx\libs\libusbd_40xx_lib.a(mw_usbd_rom_api.o)
                0x00003c38                core_api
 .rodata.hid_api
                0x00003c58        0x8 C:\Users\JCT\Documents\MCUXpressoIDE_10.0.2_411\workspace\lpc_chip_40xx\libs\libusbd_40xx_lib.a(mw_usbd_rom_api.o)
                0x00003c58                hid_api
 .rodata.str1.1
                0x00003c60        0x4 c:/system/mcuxpressoide_10.0.2_411/ide/tools/bin/../lib/gcc/arm-none-eabi/5.4.1/../../../../arm-none-eabi/lib/armv7e-m/softfp\libcr_c.a(initio.o)
 .rodata.str1.1
                0x00003c64        0x2 c:/system/mcuxpressoide_10.0.2_411/ide/tools/bin/../lib/gcc/arm-none-eabi/5.4.1/../../../../arm-none-eabi/lib/armv7e-m/softfp\libcr_c.a(puts.o)
 *fill*         0x00003c66        0x2 ff
 .rodata.__num_Ciob_streams
                0x00003c68        0x4 c:/system/mcuxpressoide_10.0.2_411/ide/tools/bin/../lib/gcc/arm-none-eabi/5.4.1/../../../../arm-none-eabi/lib/armv7e-m/softfp\libcr_semihost_nf.a(__ciob.o)
                0x00003c68                __num_Ciob_streams
                0x00003c6c                . = ALIGN (0x4)

.glue_7         0x00003c6c        0x0
 .glue_7        0x00003c6c        0x0 linker stubs

.glue_7t        0x00003c6c        0x0
 .glue_7t       0x00003c6c        0x0 linker stubs

.vfp11_veneer   0x00003c6c        0x0
 .vfp11_veneer  0x00003c6c        0x0 linker stubs

.v4_bx          0x00003c6c        0x0
 .v4_bx         0x00003c6c        0x0 linker stubs

.iplt           0x00003c6c        0x0
 .iplt          0x00003c6c        0x0 ./example/src/cr_startup_lpc40xx.o

.rel.dyn        0x00003c6c        0x0
 .rel.iplt      0x00003c6c        0x0 ./example/src/cr_startup_lpc40xx.o

.ARM.extab
 *(.ARM.extab* .gnu.linkonce.armextab.*)
                0x00003c6c                __exidx_start = .

.ARM.exidx
 *(.ARM.exidx* .gnu.linkonce.armexidx.*)
                0x00003c6c                __exidx_end = .
                0x00003c6c                _etext = .

.data_RAM2      0x20000000        0x0 load address 0x00003c6c
 FILL mask 0xff
                [!provide]                PROVIDE (__start_data_RAM2, .)
 *(.ramfunc.$RAM2)
 *(.ramfunc.$RamPeriph32)
 *(.data.$RAM2*)
 *(.data.$RamPeriph32*)
                0x20000000                . = ALIGN (0x4)
                [!provide]                PROVIDE (__end_data_RAM2, .)

.uninit_RESERVED
                0x10000000        0x0
 *(.bss.$RESERVED*)
                0x10000000                . = ALIGN (0x4)
                0x10000000                _end_uninit_RESERVED = .

.data           0x10000000       0x7c load address 0x00003c6c
 FILL mask 0xff
                0x10000000                _data = .
 *(vtable)
 *(.ramfunc*)
 *(.data*)
 .data.USB_FsConfigDescriptor
                0x10000000       0x23 ./example/src/hid_desc.o
                0x10000000                USB_FsConfigDescriptor
 *fill*         0x10000023        0x1 ff
 .data.g_pUsbApi
                0x10000024        0x4 ./example/src/hid_main.o
                0x10000024                g_pUsbApi
 .data.i2c      0x10000028       0x54 C:\Users\JCT\Documents\MCUXpressoIDE_10.0.2_411\workspace\lpc_chip_40xx\Debug\liblpc_chip_40xx.a(i2c_17xx_40xx.o)
                0x1000007c                . = ALIGN (0x4)
                0x1000007c                _edata = .

.igot.plt       0x1000007c        0x0 load address 0x00003ce8
 .igot.plt      0x1000007c        0x0 ./example/src/cr_startup_lpc40xx.o

.bss_RAM2       0x20000000        0x0
                [!provide]                PROVIDE (__start_bss_RAM2, .)
 *(.bss.$RAM2*)
 *(.bss.$RamPeriph32*)
                0x20000000                . = ALIGN ((. != 0x0)?0x4:0x1)
                [!provide]                PROVIDE (__end_bss_RAM2, .)

.bss            0x1000007c       0xc8
                0x1000007c                _bss = .
 *(.bss*)
 .bss.g_hUsb    0x1000007c        0x4 ./example/src/hid_main.o
 .bss.g_mouse   0x10000080        0x8 ./example/src/hid_mouse.o
 .bss.errno     0x10000088        0x4 c:/system/mcuxpressoide_10.0.2_411/ide/tools/bin/../lib/gcc/arm-none-eabi/5.4.1/../../../../arm-none-eabi/lib/armv7e-m/softfp\libcr_c.a(errno.o)
                0x10000088                errno
 .bss.__Ciob    0x1000008c       0xb4 c:/system/mcuxpressoide_10.0.2_411/ide/tools/bin/../lib/gcc/arm-none-eabi/5.4.1/../../../../arm-none-eabi/lib/armv7e-m/softfp\libcr_semihost_nf.a(__ciob.o)
                0x1000008c                __Ciob
 *(COMMON)
 COMMON         0x10000140        0x4 C:\Users\JCT\Documents\MCUXpressoIDE_10.0.2_411\workspace\lpc_chip_40xx\Debug\liblpc_chip_40xx.a(chip_17xx_40xx.o)
                0x10000140                SystemCoreClock
                0x10000144                . = ALIGN (0x4)
                0x10000144                _ebss = .
                [!provide]                PROVIDE (end, .)

.noinit_RAM2    0x20000000        0x0
 *(.noinit.$RAM2*)
 *(.noinit.$RamPeriph32*)
                0x20000000                . = ALIGN (0x4)

.noinit         0x10000144        0x0
                0x10000144                _noinit = .
 *(.noinit*)
                0x10000144                . = ALIGN (0x4)
                0x10000144                _end_noinit = .
                0x10000144                PROVIDE (_pvHeapStart, DEFINED (__user_heap_base)?__user_heap_base:.)
                0x10010000                PROVIDE (_vStackTop, DEFINED (__user_stack_top)?__user_stack_top:(__top_RamLoc64 - 0x0))
                [!provide]                PROVIDE (__valid_user_code_checksum, (0x0 - ((((((_vStackTop + (ResetISR + 0x1)) + (NMI_Handler + 0x1)) + (HardFault_Handler + 0x1)) + (DEFINED (MemManage_Handler)?MemManage_Handler:0x0 + 0x1)) + (DEFINED (BusFault_Handler)?BusFault_Handler:0x0 + 0x1)) + (DEFINED (UsageFault_Handler)?UsageFault_Handler:0x0 + 0x1))))
OUTPUT(usb_gyromouse.axf elf32-littlearm)

.debug_info     0x00000000    0x100b2
 .debug_info    0x00000000      0x262 ./example/src/cr_startup_lpc40xx.o
 .debug_info    0x00000262      0x13a ./example/src/hid_desc.o
 .debug_info    0x0000039c     0x1a3f ./example/src/hid_main.o
 .debug_info    0x00001ddb     0x1b75 ./example/src/hid_mouse.o
 .debug_info    0x00003950      0x110 ./example/src/sysinit.o
 .debug_info    0x00003a60     0x1b25 C:\Users\JCT\Documents\MCUXpressoIDE_10.0.2_411\workspace\lpc_board_ea_devkit_4088\Debug\liblpc_board_ea_devkit_4088.a(board.o)
 .debug_info    0x00005585      0xa1c C:\Users\JCT\Documents\MCUXpressoIDE_10.0.2_411\workspace\lpc_board_ea_devkit_4088\Debug\liblpc_board_ea_devkit_4088.a(board_sysinit.o)
 .debug_info    0x00005fa1      0x5fa C:\Users\JCT\Documents\MCUXpressoIDE_10.0.2_411\workspace\lpc_chip_40xx\Debug\liblpc_chip_40xx.a(chip_17xx_40xx.o)
 .debug_info    0x0000659b      0xb85 C:\Users\JCT\Documents\MCUXpressoIDE_10.0.2_411\workspace\lpc_chip_40xx\Debug\liblpc_chip_40xx.a(clock_17xx_40xx.o)
 .debug_info    0x00007120      0xc57 C:\Users\JCT\Documents\MCUXpressoIDE_10.0.2_411\workspace\lpc_chip_40xx\Debug\liblpc_chip_40xx.a(emc_17xx_40xx.o)
 .debug_info    0x00007d77      0x128 C:\Users\JCT\Documents\MCUXpressoIDE_10.0.2_411\workspace\lpc_chip_40xx\Debug\liblpc_chip_40xx.a(fpu_init.o)
 .debug_info    0x00007e9f      0xd90 C:\Users\JCT\Documents\MCUXpressoIDE_10.0.2_411\workspace\lpc_chip_40xx\Debug\liblpc_chip_40xx.a(i2c_17xx_40xx.o)
 .debug_info    0x00008c2f      0x1fe C:\Users\JCT\Documents\MCUXpressoIDE_10.0.2_411\workspace\lpc_chip_40xx\Debug\liblpc_chip_40xx.a(iocon_17xx_40xx.o)
 .debug_info    0x00008e2d      0x512 C:\Users\JCT\Documents\MCUXpressoIDE_10.0.2_411\workspace\lpc_chip_40xx\Debug\liblpc_chip_40xx.a(sysctl_17xx_40xx.o)
 .debug_info    0x0000933f      0x4ec C:\Users\JCT\Documents\MCUXpressoIDE_10.0.2_411\workspace\lpc_chip_40xx\Debug\liblpc_chip_40xx.a(sysinit_17xx_40xx.o)
 .debug_info    0x0000982b     0x14f8 C:\Users\JCT\Documents\MCUXpressoIDE_10.0.2_411\workspace\lpc_chip_40xx\libs\libusbd_40xx_lib.a(mw_usbd_rom_api.o)
 .debug_info    0x0000ad23     0x1f75 C:\Users\JCT\Documents\MCUXpressoIDE_10.0.2_411\workspace\lpc_chip_40xx\libs\libusbd_40xx_lib.a(hw_usbd_ip3503.o)
 .debug_info    0x0000cc98     0x1f80 C:\Users\JCT\Documents\MCUXpressoIDE_10.0.2_411\workspace\lpc_chip_40xx\libs\libusbd_40xx_lib.a(mw_usbd_core.o)
 .debug_info    0x0000ec18     0x149a C:\Users\JCT\Documents\MCUXpressoIDE_10.0.2_411\workspace\lpc_chip_40xx\libs\libusbd_40xx_lib.a(mw_usbd_hiduser.o)

.debug_abbrev   0x00000000     0x2642
 .debug_abbrev  0x00000000       0xf5 ./example/src/cr_startup_lpc40xx.o
 .debug_abbrev  0x000000f5       0x60 ./example/src/hid_desc.o
 .debug_abbrev  0x00000155      0x2ae ./example/src/hid_main.o
 .debug_abbrev  0x00000403      0x2c5 ./example/src/hid_mouse.o
 .debug_abbrev  0x000006c8       0xa3 ./example/src/sysinit.o
 .debug_abbrev  0x0000076b      0x36a C:\Users\JCT\Documents\MCUXpressoIDE_10.0.2_411\workspace\lpc_board_ea_devkit_4088\Debug\liblpc_board_ea_devkit_4088.a(board.o)
 .debug_abbrev  0x00000ad5      0x234 C:\Users\JCT\Documents\MCUXpressoIDE_10.0.2_411\workspace\lpc_board_ea_devkit_4088\Debug\liblpc_board_ea_devkit_4088.a(board_sysinit.o)
 .debug_abbrev  0x00000d09      0x15e C:\Users\JCT\Documents\MCUXpressoIDE_10.0.2_411\workspace\lpc_chip_40xx\Debug\liblpc_chip_40xx.a(chip_17xx_40xx.o)
 .debug_abbrev  0x00000e67      0x2b4 C:\Users\JCT\Documents\MCUXpressoIDE_10.0.2_411\workspace\lpc_chip_40xx\Debug\liblpc_chip_40xx.a(clock_17xx_40xx.o)
 .debug_abbrev  0x0000111b      0x1fb C:\Users\JCT\Documents\MCUXpressoIDE_10.0.2_411\workspace\lpc_chip_40xx\Debug\liblpc_chip_40xx.a(emc_17xx_40xx.o)
 .debug_abbrev  0x00001316       0x84 C:\Users\JCT\Documents\MCUXpressoIDE_10.0.2_411\workspace\lpc_chip_40xx\Debug\liblpc_chip_40xx.a(fpu_init.o)
 .debug_abbrev  0x0000139a      0x2ae C:\Users\JCT\Documents\MCUXpressoIDE_10.0.2_411\workspace\lpc_chip_40xx\Debug\liblpc_chip_40xx.a(i2c_17xx_40xx.o)
 .debug_abbrev  0x00001648      0x122 C:\Users\JCT\Documents\MCUXpressoIDE_10.0.2_411\workspace\lpc_chip_40xx\Debug\liblpc_chip_40xx.a(iocon_17xx_40xx.o)
 .debug_abbrev  0x0000176a      0x14b C:\Users\JCT\Documents\MCUXpressoIDE_10.0.2_411\workspace\lpc_chip_40xx\Debug\liblpc_chip_40xx.a(sysctl_17xx_40xx.o)
 .debug_abbrev  0x000018b5      0x175 C:\Users\JCT\Documents\MCUXpressoIDE_10.0.2_411\workspace\lpc_chip_40xx\Debug\liblpc_chip_40xx.a(sysinit_17xx_40xx.o)
 .debug_abbrev  0x00001a2a      0x143 C:\Users\JCT\Documents\MCUXpressoIDE_10.0.2_411\workspace\lpc_chip_40xx\libs\libusbd_40xx_lib.a(mw_usbd_rom_api.o)
 .debug_abbrev  0x00001b6d      0x3c7 C:\Users\JCT\Documents\MCUXpressoIDE_10.0.2_411\workspace\lpc_chip_40xx\libs\libusbd_40xx_lib.a(hw_usbd_ip3503.o)
 .debug_abbrev  0x00001f34      0x3f6 C:\Users\JCT\Documents\MCUXpressoIDE_10.0.2_411\workspace\lpc_chip_40xx\libs\libusbd_40xx_lib.a(mw_usbd_core.o)
 .debug_abbrev  0x0000232a      0x318 C:\Users\JCT\Documents\MCUXpressoIDE_10.0.2_411\workspace\lpc_chip_40xx\libs\libusbd_40xx_lib.a(mw_usbd_hiduser.o)

.debug_aranges  0x00000000      0x9a8
 .debug_aranges
                0x00000000       0x80 ./example/src/cr_startup_lpc40xx.o
 .debug_aranges
                0x00000080       0x18 ./example/src/hid_desc.o
 .debug_aranges
                0x00000098       0x48 ./example/src/hid_main.o
 .debug_aranges
                0x000000e0       0x60 ./example/src/hid_mouse.o
 .debug_aranges
                0x00000140       0x20 ./example/src/sysinit.o
 .debug_aranges
                0x00000160      0x1c8 C:\Users\JCT\Documents\MCUXpressoIDE_10.0.2_411\workspace\lpc_board_ea_devkit_4088\Debug\liblpc_board_ea_devkit_4088.a(board.o)
 .debug_aranges
                0x00000328       0x50 C:\Users\JCT\Documents\MCUXpressoIDE_10.0.2_411\workspace\lpc_board_ea_devkit_4088\Debug\liblpc_board_ea_devkit_4088.a(board_sysinit.o)
 .debug_aranges
                0x00000378       0x30 C:\Users\JCT\Documents\MCUXpressoIDE_10.0.2_411\workspace\lpc_chip_40xx\Debug\liblpc_chip_40xx.a(chip_17xx_40xx.o)
 .debug_aranges
                0x000003a8      0x138 C:\Users\JCT\Documents\MCUXpressoIDE_10.0.2_411\workspace\lpc_chip_40xx\Debug\liblpc_chip_40xx.a(clock_17xx_40xx.o)
 .debug_aranges
                0x000004e0       0x80 C:\Users\JCT\Documents\MCUXpressoIDE_10.0.2_411\workspace\lpc_chip_40xx\Debug\liblpc_chip_40xx.a(emc_17xx_40xx.o)
 .debug_aranges
                0x00000560       0x20 C:\Users\JCT\Documents\MCUXpressoIDE_10.0.2_411\workspace\lpc_chip_40xx\Debug\liblpc_chip_40xx.a(fpu_init.o)
 .debug_aranges
                0x00000580      0x118 C:\Users\JCT\Documents\MCUXpressoIDE_10.0.2_411\workspace\lpc_chip_40xx\Debug\liblpc_chip_40xx.a(i2c_17xx_40xx.o)
 .debug_aranges
                0x00000698       0x28 C:\Users\JCT\Documents\MCUXpressoIDE_10.0.2_411\workspace\lpc_chip_40xx\Debug\liblpc_chip_40xx.a(iocon_17xx_40xx.o)
 .debug_aranges
                0x000006c0       0x28 C:\Users\JCT\Documents\MCUXpressoIDE_10.0.2_411\workspace\lpc_chip_40xx\Debug\liblpc_chip_40xx.a(sysctl_17xx_40xx.o)
 .debug_aranges
                0x000006e8       0x60 C:\Users\JCT\Documents\MCUXpressoIDE_10.0.2_411\workspace\lpc_chip_40xx\Debug\liblpc_chip_40xx.a(sysinit_17xx_40xx.o)
 .debug_aranges
                0x00000748       0x18 C:\Users\JCT\Documents\MCUXpressoIDE_10.0.2_411\workspace\lpc_chip_40xx\libs\libusbd_40xx_lib.a(mw_usbd_rom_api.o)
 .debug_aranges
                0x00000760      0x118 C:\Users\JCT\Documents\MCUXpressoIDE_10.0.2_411\workspace\lpc_chip_40xx\libs\libusbd_40xx_lib.a(hw_usbd_ip3503.o)
 .debug_aranges
                0x00000878       0xd8 C:\Users\JCT\Documents\MCUXpressoIDE_10.0.2_411\workspace\lpc_chip_40xx\libs\libusbd_40xx_lib.a(mw_usbd_core.o)
 .debug_aranges
                0x00000950       0x58 C:\Users\JCT\Documents\MCUXpressoIDE_10.0.2_411\workspace\lpc_chip_40xx\libs\libusbd_40xx_lib.a(mw_usbd_hiduser.o)

.debug_ranges   0x00000000      0x880
 .debug_ranges  0x00000000       0x70 ./example/src/cr_startup_lpc40xx.o
 .debug_ranges  0x00000070       0x38 ./example/src/hid_main.o
 .debug_ranges  0x000000a8       0x50 ./example/src/hid_mouse.o
 .debug_ranges  0x000000f8       0x10 ./example/src/sysinit.o
 .debug_ranges  0x00000108      0x1b8 C:\Users\JCT\Documents\MCUXpressoIDE_10.0.2_411\workspace\lpc_board_ea_devkit_4088\Debug\liblpc_board_ea_devkit_4088.a(board.o)
 .debug_ranges  0x000002c0       0x40 C:\Users\JCT\Documents\MCUXpressoIDE_10.0.2_411\workspace\lpc_board_ea_devkit_4088\Debug\liblpc_board_ea_devkit_4088.a(board_sysinit.o)
 .debug_ranges  0x00000300       0x20 C:\Users\JCT\Documents\MCUXpressoIDE_10.0.2_411\workspace\lpc_chip_40xx\Debug\liblpc_chip_40xx.a(chip_17xx_40xx.o)
 .debug_ranges  0x00000320      0x128 C:\Users\JCT\Documents\MCUXpressoIDE_10.0.2_411\workspace\lpc_chip_40xx\Debug\liblpc_chip_40xx.a(clock_17xx_40xx.o)
 .debug_ranges  0x00000448       0x70 C:\Users\JCT\Documents\MCUXpressoIDE_10.0.2_411\workspace\lpc_chip_40xx\Debug\liblpc_chip_40xx.a(emc_17xx_40xx.o)
 .debug_ranges  0x000004b8       0x10 C:\Users\JCT\Documents\MCUXpressoIDE_10.0.2_411\workspace\lpc_chip_40xx\Debug\liblpc_chip_40xx.a(fpu_init.o)
 .debug_ranges  0x000004c8      0x108 C:\Users\JCT\Documents\MCUXpressoIDE_10.0.2_411\workspace\lpc_chip_40xx\Debug\liblpc_chip_40xx.a(i2c_17xx_40xx.o)
 .debug_ranges  0x000005d0       0x18 C:\Users\JCT\Documents\MCUXpressoIDE_10.0.2_411\workspace\lpc_chip_40xx\Debug\liblpc_chip_40xx.a(iocon_17xx_40xx.o)
 .debug_ranges  0x000005e8       0x18 C:\Users\JCT\Documents\MCUXpressoIDE_10.0.2_411\workspace\lpc_chip_40xx\Debug\liblpc_chip_40xx.a(sysctl_17xx_40xx.o)
 .debug_ranges  0x00000600       0x50 C:\Users\JCT\Documents\MCUXpressoIDE_10.0.2_411\workspace\lpc_chip_40xx\Debug\liblpc_chip_40xx.a(sysinit_17xx_40xx.o)
 .debug_ranges  0x00000650      0x108 C:\Users\JCT\Documents\MCUXpressoIDE_10.0.2_411\workspace\lpc_chip_40xx\libs\libusbd_40xx_lib.a(hw_usbd_ip3503.o)
 .debug_ranges  0x00000758       0xe0 C:\Users\JCT\Documents\MCUXpressoIDE_10.0.2_411\workspace\lpc_chip_40xx\libs\libusbd_40xx_lib.a(mw_usbd_core.o)
 .debug_ranges  0x00000838       0x48 C:\Users\JCT\Documents\MCUXpressoIDE_10.0.2_411\workspace\lpc_chip_40xx\libs\libusbd_40xx_lib.a(mw_usbd_hiduser.o)

.debug_macro    0x00000000     0x7fd2
 .debug_macro   0x00000000       0x1d ./example/src/cr_startup_lpc40xx.o
 .debug_macro   0x0000001d      0x8a4 ./example/src/cr_startup_lpc40xx.o
 .debug_macro   0x000008c1       0xf5 ./example/src/hid_desc.o
 .debug_macro   0x000009b6       0x10 ./example/src/hid_desc.o
 .debug_macro   0x000009c6      0x12d ./example/src/hid_desc.o
 .debug_macro   0x00000af3      0x5b2 ./example/src/hid_desc.o
 .debug_macro   0x000010a5       0x22 ./example/src/hid_desc.o
 .debug_macro   0x000010c7       0x7b ./example/src/hid_desc.o
 .debug_macro   0x00001142       0x18 ./example/src/hid_desc.o
 .debug_macro   0x0000115a      0x26c ./example/src/hid_desc.o
 .debug_macro   0x000013c6       0x52 ./example/src/hid_desc.o
 .debug_macro   0x00001418       0x12 ./example/src/hid_desc.o
 .debug_macro   0x0000142a       0xfa ./example/src/hid_desc.o
 .debug_macro   0x00001524       0xee ./example/src/hid_desc.o
 .debug_macro   0x00001612      0x693 ./example/src/hid_desc.o
 .debug_macro   0x00001ca5      0x272 ./example/src/hid_desc.o
 .debug_macro   0x00001f17       0x10 ./example/src/hid_desc.o
 .debug_macro   0x00001f27      0x353 ./example/src/hid_main.o
 .debug_macro   0x0000227a       0x16 ./example/src/hid_main.o
 .debug_macro   0x00002290       0x2d ./example/src/hid_main.o
 .debug_macro   0x000022bd       0x3b ./example/src/hid_main.o
 .debug_macro   0x000022f8       0x2d ./example/src/hid_main.o
 .debug_macro   0x00002325       0x42 ./example/src/hid_main.o
 .debug_macro   0x00002367      0xd39 ./example/src/hid_main.o
 .debug_macro   0x000030a0      0x295 ./example/src/hid_main.o
 .debug_macro   0x00003335       0x50 ./example/src/hid_main.o
 .debug_macro   0x00003385       0x34 ./example/src/hid_main.o
 .debug_macro   0x000033b9      0x152 ./example/src/hid_main.o
 .debug_macro   0x0000350b       0x82 ./example/src/hid_main.o
 .debug_macro   0x0000358d      0x48c ./example/src/hid_main.o
 .debug_macro   0x00003a19      0x12d ./example/src/hid_main.o
 .debug_macro   0x00003b46       0x6a ./example/src/hid_main.o
 .debug_macro   0x00003bb0       0x34 ./example/src/hid_main.o
 .debug_macro   0x00003be4       0x58 ./example/src/hid_main.o
 .debug_macro   0x00003c3c      0x236 ./example/src/hid_main.o
 .debug_macro   0x00003e72      0x4c5 ./example/src/hid_main.o
 .debug_macro   0x00004337      0x1da ./example/src/hid_main.o
 .debug_macro   0x00004511       0x10 ./example/src/hid_main.o
 .debug_macro   0x00004521      0x21b ./example/src/hid_main.o
 .debug_macro   0x0000473c      0x1b9 ./example/src/hid_main.o
 .debug_macro   0x000048f5       0x2e ./example/src/hid_main.o
 .debug_macro   0x00004923       0x40 ./example/src/hid_main.o
 .debug_macro   0x00004963      0x209 ./example/src/hid_main.o
 .debug_macro   0x00004b6c      0x2b3 ./example/src/hid_main.o
 .debug_macro   0x00004e1f      0x34c ./example/src/hid_main.o
 .debug_macro   0x0000516b       0xb2 ./example/src/hid_main.o
 .debug_macro   0x0000521d       0x16 ./example/src/hid_main.o
 .debug_macro   0x00005233       0xb8 ./example/src/hid_main.o
 .debug_macro   0x000052eb       0x4c ./example/src/hid_main.o
 .debug_macro   0x00005337       0x16 ./example/src/hid_main.o
 .debug_macro   0x0000534d      0x328 ./example/src/hid_main.o
 .debug_macro   0x00005675       0x3a ./example/src/hid_main.o
 .debug_macro   0x000056af       0x16 ./example/src/hid_main.o
 .debug_macro   0x000056c5       0xca ./example/src/hid_main.o
 .debug_macro   0x0000578f       0x16 ./example/src/hid_main.o
 .debug_macro   0x000057a5       0x8e ./example/src/hid_main.o
 .debug_macro   0x00005833      0x124 ./example/src/hid_main.o
 .debug_macro   0x00005957       0x6c ./example/src/hid_main.o
 .debug_macro   0x000059c3       0x9a ./example/src/hid_main.o
 .debug_macro   0x00005a5d       0x20 ./example/src/hid_main.o
 .debug_macro   0x00005a7d       0x2e ./example/src/hid_main.o
 .debug_macro   0x00005aab       0x10 ./example/src/hid_main.o
 .debug_macro   0x00005abb      0x34f ./example/src/hid_mouse.o
 .debug_macro   0x00005e0a      0x296 ./example/src/sysinit.o
 .debug_macro   0x000060a0      0x3cf C:\Users\JCT\Documents\MCUXpressoIDE_10.0.2_411\workspace\lpc_board_ea_devkit_4088\Debug\liblpc_board_ea_devkit_4088.a(board.o)
 .debug_macro   0x0000646f      0x8aa C:\Users\JCT\Documents\MCUXpressoIDE_10.0.2_411\workspace\lpc_board_ea_devkit_4088\Debug\liblpc_board_ea_devkit_4088.a(board.o)
 .debug_macro   0x00006d19       0x12 C:\Users\JCT\Documents\MCUXpressoIDE_10.0.2_411\workspace\lpc_board_ea_devkit_4088\Debug\liblpc_board_ea_devkit_4088.a(board.o)
 .debug_macro   0x00006d2b      0x29c C:\Users\JCT\Documents\MCUXpressoIDE_10.0.2_411\workspace\lpc_board_ea_devkit_4088\Debug\liblpc_board_ea_devkit_4088.a(board_sysinit.o)
 .debug_macro   0x00006fc7      0x22c C:\Users\JCT\Documents\MCUXpressoIDE_10.0.2_411\workspace\lpc_chip_40xx\Debug\liblpc_chip_40xx.a(chip_17xx_40xx.o)
 .debug_macro   0x000071f3      0x22c C:\Users\JCT\Documents\MCUXpressoIDE_10.0.2_411\workspace\lpc_chip_40xx\Debug\liblpc_chip_40xx.a(clock_17xx_40xx.o)
 .debug_macro   0x0000741f      0x232 C:\Users\JCT\Documents\MCUXpressoIDE_10.0.2_411\workspace\lpc_chip_40xx\Debug\liblpc_chip_40xx.a(emc_17xx_40xx.o)
 .debug_macro   0x00007651       0xbf C:\Users\JCT\Documents\MCUXpressoIDE_10.0.2_411\workspace\lpc_chip_40xx\Debug\liblpc_chip_40xx.a(fpu_init.o)
 .debug_macro   0x00007710      0x23e C:\Users\JCT\Documents\MCUXpressoIDE_10.0.2_411\workspace\lpc_chip_40xx\Debug\liblpc_chip_40xx.a(i2c_17xx_40xx.o)
 .debug_macro   0x0000794e      0x22c C:\Users\JCT\Documents\MCUXpressoIDE_10.0.2_411\workspace\lpc_chip_40xx\Debug\liblpc_chip_40xx.a(iocon_17xx_40xx.o)
 .debug_macro   0x00007b7a      0x22c C:\Users\JCT\Documents\MCUXpressoIDE_10.0.2_411\workspace\lpc_chip_40xx\Debug\liblpc_chip_40xx.a(sysctl_17xx_40xx.o)
 .debug_macro   0x00007da6      0x22c C:\Users\JCT\Documents\MCUXpressoIDE_10.0.2_411\workspace\lpc_chip_40xx\Debug\liblpc_chip_40xx.a(sysinit_17xx_40xx.o)

.debug_line     0x00000000     0x64ba
 .debug_line    0x00000000       0xe1 ./example/src/cr_startup_lpc40xx.o
 .debug_line    0x000000e1      0x2da ./example/src/hid_desc.o
 .debug_line    0x000003bb      0x7c2 ./example/src/hid_main.o
 .debug_line    0x00000b7d      0x7e5 ./example/src/hid_mouse.o
 .debug_line    0x00001362      0x581 ./example/src/sysinit.o
 .debug_line    0x000018e3      0xb7d C:\Users\JCT\Documents\MCUXpressoIDE_10.0.2_411\workspace\lpc_board_ea_devkit_4088\Debug\liblpc_board_ea_devkit_4088.a(board.o)
 .debug_line    0x00002460      0x632 C:\Users\JCT\Documents\MCUXpressoIDE_10.0.2_411\workspace\lpc_board_ea_devkit_4088\Debug\liblpc_board_ea_devkit_4088.a(board_sysinit.o)
 .debug_line    0x00002a92      0x4dc C:\Users\JCT\Documents\MCUXpressoIDE_10.0.2_411\workspace\lpc_chip_40xx\Debug\liblpc_chip_40xx.a(chip_17xx_40xx.o)
 .debug_line    0x00002f6e      0x79c C:\Users\JCT\Documents\MCUXpressoIDE_10.0.2_411\workspace\lpc_chip_40xx\Debug\liblpc_chip_40xx.a(clock_17xx_40xx.o)
 .debug_line    0x0000370a      0x655 C:\Users\JCT\Documents\MCUXpressoIDE_10.0.2_411\workspace\lpc_chip_40xx\Debug\liblpc_chip_40xx.a(emc_17xx_40xx.o)
 .debug_line    0x00003d5f      0x1fe C:\Users\JCT\Documents\MCUXpressoIDE_10.0.2_411\workspace\lpc_chip_40xx\Debug\liblpc_chip_40xx.a(fpu_init.o)
 .debug_line    0x00003f5d      0x7c8 C:\Users\JCT\Documents\MCUXpressoIDE_10.0.2_411\workspace\lpc_chip_40xx\Debug\liblpc_chip_40xx.a(i2c_17xx_40xx.o)
 .debug_line    0x00004725      0x4cf C:\Users\JCT\Documents\MCUXpressoIDE_10.0.2_411\workspace\lpc_chip_40xx\Debug\liblpc_chip_40xx.a(iocon_17xx_40xx.o)
 .debug_line    0x00004bf4      0x4c1 C:\Users\JCT\Documents\MCUXpressoIDE_10.0.2_411\workspace\lpc_chip_40xx\Debug\liblpc_chip_40xx.a(sysctl_17xx_40xx.o)
 .debug_line    0x000050b5      0x56b C:\Users\JCT\Documents\MCUXpressoIDE_10.0.2_411\workspace\lpc_chip_40xx\Debug\liblpc_chip_40xx.a(sysinit_17xx_40xx.o)
 .debug_line    0x00005620      0x192 C:\Users\JCT\Documents\MCUXpressoIDE_10.0.2_411\workspace\lpc_chip_40xx\libs\libusbd_40xx_lib.a(mw_usbd_rom_api.o)
 .debug_line    0x000057b2      0x545 C:\Users\JCT\Documents\MCUXpressoIDE_10.0.2_411\workspace\lpc_chip_40xx\libs\libusbd_40xx_lib.a(hw_usbd_ip3503.o)
 .debug_line    0x00005cf7      0x4b9 C:\Users\JCT\Documents\MCUXpressoIDE_10.0.2_411\workspace\lpc_chip_40xx\libs\libusbd_40xx_lib.a(mw_usbd_core.o)
 .debug_line    0x000061b0      0x30a C:\Users\JCT\Documents\MCUXpressoIDE_10.0.2_411\workspace\lpc_chip_40xx\libs\libusbd_40xx_lib.a(mw_usbd_hiduser.o)

.debug_str      0x00000000    0x2045d
 .debug_str     0x00000000     0x2739 ./example/src/cr_startup_lpc40xx.o
                               0x274c (size before relaxing)
 .debug_str     0x00002739     0x5644 ./example/src/hid_desc.o
                               0x7c3d (size before relaxing)
 .debug_str     0x00007d7d    0x14540 ./example/src/hid_main.o
                              0x1c447 (size before relaxing)
 .debug_str     0x0001c2bd      0x40c ./example/src/hid_mouse.o
                              0x1c401 (size before relaxing)
 .debug_str     0x0001c6c9       0x19 ./example/src/sysinit.o
                              0x16e92 (size before relaxing)
 .debug_str     0x0001c6e2     0x15d5 C:\Users\JCT\Documents\MCUXpressoIDE_10.0.2_411\workspace\lpc_board_ea_devkit_4088\Debug\liblpc_board_ea_devkit_4088.a(board.o)
                              0x18695 (size before relaxing)
 .debug_str     0x0001dcb7      0x67b C:\Users\JCT\Documents\MCUXpressoIDE_10.0.2_411\workspace\lpc_board_ea_devkit_4088\Debug\liblpc_board_ea_devkit_4088.a(board_sysinit.o)
                              0x179f5 (size before relaxing)
 .debug_str     0x0001e332      0x144 C:\Users\JCT\Documents\MCUXpressoIDE_10.0.2_411\workspace\lpc_chip_40xx\Debug\liblpc_chip_40xx.a(chip_17xx_40xx.o)
                              0x1687d (size before relaxing)
 .debug_str     0x0001e476      0x631 C:\Users\JCT\Documents\MCUXpressoIDE_10.0.2_411\workspace\lpc_chip_40xx\Debug\liblpc_chip_40xx.a(clock_17xx_40xx.o)
                              0x16d04 (size before relaxing)
 .debug_str     0x0001eaa7      0x4a5 C:\Users\JCT\Documents\MCUXpressoIDE_10.0.2_411\workspace\lpc_chip_40xx\Debug\liblpc_chip_40xx.a(emc_17xx_40xx.o)
                              0x168b4 (size before relaxing)
 .debug_str     0x0001ef4c       0xb5 C:\Users\JCT\Documents\MCUXpressoIDE_10.0.2_411\workspace\lpc_chip_40xx\Debug\liblpc_chip_40xx.a(fpu_init.o)
                               0x98e9 (size before relaxing)
 .debug_str     0x0001f001      0x4de C:\Users\JCT\Documents\MCUXpressoIDE_10.0.2_411\workspace\lpc_chip_40xx\Debug\liblpc_chip_40xx.a(i2c_17xx_40xx.o)
                              0x16be9 (size before relaxing)
 .debug_str     0x0001f4df       0x46 C:\Users\JCT\Documents\MCUXpressoIDE_10.0.2_411\workspace\lpc_chip_40xx\Debug\liblpc_chip_40xx.a(iocon_17xx_40xx.o)
                              0x16214 (size before relaxing)
 .debug_str     0x0001f525       0x87 C:\Users\JCT\Documents\MCUXpressoIDE_10.0.2_411\workspace\lpc_chip_40xx\Debug\liblpc_chip_40xx.a(sysctl_17xx_40xx.o)
                              0x16607 (size before relaxing)
 .debug_str     0x0001f5ac       0xda C:\Users\JCT\Documents\MCUXpressoIDE_10.0.2_411\workspace\lpc_chip_40xx\Debug\liblpc_chip_40xx.a(sysinit_17xx_40xx.o)
                              0x164e0 (size before relaxing)
 .debug_str     0x0001f686      0x72c C:\Users\JCT\Documents\MCUXpressoIDE_10.0.2_411\workspace\lpc_chip_40xx\libs\libusbd_40xx_lib.a(mw_usbd_rom_api.o)
                               0x18ed (size before relaxing)
 .debug_str     0x0001fdb2      0x363 C:\Users\JCT\Documents\MCUXpressoIDE_10.0.2_411\workspace\lpc_chip_40xx\libs\libusbd_40xx_lib.a(hw_usbd_ip3503.o)
                               0x1af0 (size before relaxing)
 .debug_str     0x00020115      0x1cb C:\Users\JCT\Documents\MCUXpressoIDE_10.0.2_411\workspace\lpc_chip_40xx\libs\libusbd_40xx_lib.a(mw_usbd_core.o)
                               0x19e5 (size before relaxing)
 .debug_str     0x000202e0      0x17d C:\Users\JCT\Documents\MCUXpressoIDE_10.0.2_411\workspace\lpc_chip_40xx\libs\libusbd_40xx_lib.a(mw_usbd_hiduser.o)
                               0x19b3 (size before relaxing)

.comment        0x00000000       0xde
 .comment       0x00000000       0x6e ./example/src/cr_startup_lpc40xx.o
                                 0x6f (size before relaxing)
 .comment       0x0000006e       0x6f ./example/src/hid_desc.o
 .comment       0x0000006e       0x6f ./example/src/hid_main.o
 .comment       0x0000006e       0x6f ./example/src/hid_mouse.o
 .comment       0x0000006e       0x6f ./example/src/sysinit.o
 .comment       0x0000006e       0x6f C:\Users\JCT\Documents\MCUXpressoIDE_10.0.2_411\workspace\lpc_board_ea_devkit_4088\Debug\liblpc_board_ea_devkit_4088.a(board.o)
 .comment       0x0000006e       0x6f C:\Users\JCT\Documents\MCUXpressoIDE_10.0.2_411\workspace\lpc_board_ea_devkit_4088\Debug\liblpc_board_ea_devkit_4088.a(board_sysinit.o)
 .comment       0x0000006e       0x6f C:\Users\JCT\Documents\MCUXpressoIDE_10.0.2_411\workspace\lpc_chip_40xx\Debug\liblpc_chip_40xx.a(chip_17xx_40xx.o)
 .comment       0x0000006e       0x6f C:\Users\JCT\Documents\MCUXpressoIDE_10.0.2_411\workspace\lpc_chip_40xx\Debug\liblpc_chip_40xx.a(clock_17xx_40xx.o)
 .comment       0x0000006e       0x6f C:\Users\JCT\Documents\MCUXpressoIDE_10.0.2_411\workspace\lpc_chip_40xx\Debug\liblpc_chip_40xx.a(emc_17xx_40xx.o)
 .comment       0x0000006e       0x6f C:\Users\JCT\Documents\MCUXpressoIDE_10.0.2_411\workspace\lpc_chip_40xx\Debug\liblpc_chip_40xx.a(fpu_init.o)
 .comment       0x0000006e       0x6f C:\Users\JCT\Documents\MCUXpressoIDE_10.0.2_411\workspace\lpc_chip_40xx\Debug\liblpc_chip_40xx.a(i2c_17xx_40xx.o)
 .comment       0x0000006e       0x6f C:\Users\JCT\Documents\MCUXpressoIDE_10.0.2_411\workspace\lpc_chip_40xx\Debug\liblpc_chip_40xx.a(iocon_17xx_40xx.o)
 .comment       0x0000006e       0x6f C:\Users\JCT\Documents\MCUXpressoIDE_10.0.2_411\workspace\lpc_chip_40xx\Debug\liblpc_chip_40xx.a(sysctl_17xx_40xx.o)
 .comment       0x0000006e       0x6f C:\Users\JCT\Documents\MCUXpressoIDE_10.0.2_411\workspace\lpc_chip_40xx\Debug\liblpc_chip_40xx.a(sysinit_17xx_40xx.o)
 .comment       0x0000006e       0x70 C:\Users\JCT\Documents\MCUXpressoIDE_10.0.2_411\workspace\lpc_chip_40xx\libs\libusbd_40xx_lib.a(mw_usbd_rom_api.o)
                                 0x71 (size before relaxing)
 .comment       0x000000de       0x71 C:\Users\JCT\Documents\MCUXpressoIDE_10.0.2_411\workspace\lpc_chip_40xx\libs\libusbd_40xx_lib.a(hw_usbd_ip3503.o)
 .comment       0x000000de       0x71 C:\Users\JCT\Documents\MCUXpressoIDE_10.0.2_411\workspace\lpc_chip_40xx\libs\libusbd_40xx_lib.a(mw_usbd_core.o)
 .comment       0x000000de       0x71 C:\Users\JCT\Documents\MCUXpressoIDE_10.0.2_411\workspace\lpc_chip_40xx\libs\libusbd_40xx_lib.a(mw_usbd_hiduser.o)
 .comment       0x000000de       0x6f c:/system/mcuxpressoide_10.0.2_411/ide/tools/bin/../lib/gcc/arm-none-eabi/5.4.1/../../../../arm-none-eabi/lib/armv7e-m/softfp\libcr_semihost_nf.a(_cr__main.o)
 .comment       0x000000de       0x6f c:/system/mcuxpressoide_10.0.2_411/ide/tools/bin/../lib/gcc/arm-none-eabi/5.4.1/../../../../arm-none-eabi/lib/armv7e-m/softfp\libcr_c.a(memcpy.o)
 .comment       0x000000de       0x6f c:/system/mcuxpressoide_10.0.2_411/ide/tools/bin/../lib/gcc/arm-none-eabi/5.4.1/../../../../arm-none-eabi/lib/armv7e-m/softfp\libcr_c.a(memset.o)
 .comment       0x000000de       0x6f c:/system/mcuxpressoide_10.0.2_411/ide/tools/bin/../lib/gcc/arm-none-eabi/5.4.1/../../../../arm-none-eabi/lib/armv7e-m/softfp\libcr_c.a(initio.o)
 .comment       0x000000de       0x6f c:/system/mcuxpressoide_10.0.2_411/ide/tools/bin/../lib/gcc/arm-none-eabi/5.4.1/../../../../arm-none-eabi/lib/armv7e-m/softfp\libcr_c.a(puts.o)
 .comment       0x000000de       0x6f c:/system/mcuxpressoide_10.0.2_411/ide/tools/bin/../lib/gcc/arm-none-eabi/5.4.1/../../../../arm-none-eabi/lib/armv7e-m/softfp\libcr_c.a(setvbuf.o)
 .comment       0x000000de       0x6f c:/system/mcuxpressoide_10.0.2_411/ide/tools/bin/../lib/gcc/arm-none-eabi/5.4.1/../../../../arm-none-eabi/lib/armv7e-m/softfp\libcr_c.a(strlen.o)
 .comment       0x000000de       0x6f c:/system/mcuxpressoide_10.0.2_411/ide/tools/bin/../lib/gcc/arm-none-eabi/5.4.1/../../../../arm-none-eabi/lib/armv7e-m/softfp\libcr_c.a(_deferredlazyseek.o)
 .comment       0x000000de       0x6f c:/system/mcuxpressoide_10.0.2_411/ide/tools/bin/../lib/gcc/arm-none-eabi/5.4.1/../../../../arm-none-eabi/lib/armv7e-m/softfp\libcr_c.a(_fdopen.o)
 .comment       0x000000de       0x6f c:/system/mcuxpressoide_10.0.2_411/ide/tools/bin/../lib/gcc/arm-none-eabi/5.4.1/../../../../arm-none-eabi/lib/armv7e-m/softfp\libcr_c.a(_fflush.o)
 .comment       0x000000de       0x6f c:/system/mcuxpressoide_10.0.2_411/ide/tools/bin/../lib/gcc/arm-none-eabi/5.4.1/../../../../arm-none-eabi/lib/armv7e-m/softfp\libcr_c.a(_writebuf.o)
 .comment       0x000000de       0x6f c:/system/mcuxpressoide_10.0.2_411/ide/tools/bin/../lib/gcc/arm-none-eabi/5.4.1/../../../../arm-none-eabi/lib/armv7e-m/softfp\libcr_c.a(alloc.o)
 .comment       0x000000de       0x6f c:/system/mcuxpressoide_10.0.2_411/ide/tools/bin/../lib/gcc/arm-none-eabi/5.4.1/../../../../arm-none-eabi/lib/armv7e-m/softfp\libcr_c.a(fclose.o)
 .comment       0x000000de       0x6f c:/system/mcuxpressoide_10.0.2_411/ide/tools/bin/../lib/gcc/arm-none-eabi/5.4.1/../../../../arm-none-eabi/lib/armv7e-m/softfp\libcr_c.a(fflush.o)
 .comment       0x000000de       0x6f c:/system/mcuxpressoide_10.0.2_411/ide/tools/bin/../lib/gcc/arm-none-eabi/5.4.1/../../../../arm-none-eabi/lib/armv7e-m/softfp\libcr_c.a(fseek.o)
 .comment       0x000000de       0x6f c:/system/mcuxpressoide_10.0.2_411/ide/tools/bin/../lib/gcc/arm-none-eabi/5.4.1/../../../../arm-none-eabi/lib/armv7e-m/softfp\libcr_c.a(ftell.o)
 .comment       0x000000de       0x6f c:/system/mcuxpressoide_10.0.2_411/ide/tools/bin/../lib/gcc/arm-none-eabi/5.4.1/../../../../arm-none-eabi/lib/armv7e-m/softfp\libcr_c.a(remove.o)
 .comment       0x000000de       0x6f c:/system/mcuxpressoide_10.0.2_411/ide/tools/bin/../lib/gcc/arm-none-eabi/5.4.1/../../../../arm-none-eabi/lib/armv7e-m/softfp\libcr_c.a(_do_fflush.o)
 .comment       0x000000de       0x6f c:/system/mcuxpressoide_10.0.2_411/ide/tools/bin/../lib/gcc/arm-none-eabi/5.4.1/../../../../arm-none-eabi/lib/armv7e-m/softfp\libcr_c.a(errno.o)
 .comment       0x000000de       0x6f c:/system/mcuxpressoide_10.0.2_411/ide/tools/bin/../lib/gcc/arm-none-eabi/5.4.1/../../../../arm-none-eabi/lib/armv7e-m/softfp\libcr_semihost_nf.a(__ciob.o)

.ARM.attributes
                0x00000000       0x33
 .ARM.attributes
                0x00000000       0x37 ./example/src/cr_startup_lpc40xx.o
 .ARM.attributes
                0x00000037       0x37 ./example/src/hid_desc.o
 .ARM.attributes
                0x0000006e       0x37 ./example/src/hid_main.o
 .ARM.attributes
                0x000000a5       0x37 ./example/src/hid_mouse.o
 .ARM.attributes
                0x000000dc       0x37 ./example/src/sysinit.o
 .ARM.attributes
                0x00000113       0x37 C:\Users\JCT\Documents\MCUXpressoIDE_10.0.2_411\workspace\lpc_board_ea_devkit_4088\Debug\liblpc_board_ea_devkit_4088.a(board.o)
 .ARM.attributes
                0x0000014a       0x37 C:\Users\JCT\Documents\MCUXpressoIDE_10.0.2_411\workspace\lpc_board_ea_devkit_4088\Debug\liblpc_board_ea_devkit_4088.a(board_sysinit.o)
 .ARM.attributes
                0x00000181       0x37 C:\Users\JCT\Documents\MCUXpressoIDE_10.0.2_411\workspace\lpc_chip_40xx\Debug\liblpc_chip_40xx.a(chip_17xx_40xx.o)
 .ARM.attributes
                0x000001b8       0x37 C:\Users\JCT\Documents\MCUXpressoIDE_10.0.2_411\workspace\lpc_chip_40xx\Debug\liblpc_chip_40xx.a(clock_17xx_40xx.o)
 .ARM.attributes
                0x000001ef       0x37 C:\Users\JCT\Documents\MCUXpressoIDE_10.0.2_411\workspace\lpc_chip_40xx\Debug\liblpc_chip_40xx.a(emc_17xx_40xx.o)
 .ARM.attributes
                0x00000226       0x37 C:\Users\JCT\Documents\MCUXpressoIDE_10.0.2_411\workspace\lpc_chip_40xx\Debug\liblpc_chip_40xx.a(fpu_init.o)
 .ARM.attributes
                0x0000025d       0x37 C:\Users\JCT\Documents\MCUXpressoIDE_10.0.2_411\workspace\lpc_chip_40xx\Debug\liblpc_chip_40xx.a(i2c_17xx_40xx.o)
 .ARM.attributes
                0x00000294       0x37 C:\Users\JCT\Documents\MCUXpressoIDE_10.0.2_411\workspace\lpc_chip_40xx\Debug\liblpc_chip_40xx.a(iocon_17xx_40xx.o)
 .ARM.attributes
                0x000002cb       0x37 C:\Users\JCT\Documents\MCUXpressoIDE_10.0.2_411\workspace\lpc_chip_40xx\Debug\liblpc_chip_40xx.a(sysctl_17xx_40xx.o)
 .ARM.attributes
                0x00000302       0x37 C:\Users\JCT\Documents\MCUXpressoIDE_10.0.2_411\workspace\lpc_chip_40xx\Debug\liblpc_chip_40xx.a(sysinit_17xx_40xx.o)
 .ARM.attributes
                0x00000339       0x37 C:\Users\JCT\Documents\MCUXpressoIDE_10.0.2_411\workspace\lpc_chip_40xx\libs\libusbd_40xx_lib.a(mw_usbd_rom_api.o)
 .ARM.attributes
                0x00000370       0x37 C:\Users\JCT\Documents\MCUXpressoIDE_10.0.2_411\workspace\lpc_chip_40xx\libs\libusbd_40xx_lib.a(hw_usbd_ip3503.o)
 .ARM.attributes
                0x000003a7       0x37 C:\Users\JCT\Documents\MCUXpressoIDE_10.0.2_411\workspace\lpc_chip_40xx\libs\libusbd_40xx_lib.a(mw_usbd_core.o)
 .ARM.attributes
                0x000003de       0x37 C:\Users\JCT\Documents\MCUXpressoIDE_10.0.2_411\workspace\lpc_chip_40xx\libs\libusbd_40xx_lib.a(mw_usbd_hiduser.o)
 .ARM.attributes
                0x00000415       0x37 c:/system/mcuxpressoide_10.0.2_411/ide/tools/bin/../lib/gcc/arm-none-eabi/5.4.1/../../../../arm-none-eabi/lib/armv7e-m/softfp\libcr_semihost_nf.a(_cr__main.o)
 .ARM.attributes
                0x0000044c       0x37 c:/system/mcuxpressoide_10.0.2_411/ide/tools/bin/../lib/gcc/arm-none-eabi/5.4.1/../../../../arm-none-eabi/lib/armv7e-m/softfp\libcr_c.a(memcpy.o)
 .ARM.attributes
                0x00000483       0x37 c:/system/mcuxpressoide_10.0.2_411/ide/tools/bin/../lib/gcc/arm-none-eabi/5.4.1/../../../../arm-none-eabi/lib/armv7e-m/softfp\libcr_c.a(memset.o)
 .ARM.attributes
                0x000004ba       0x37 c:/system/mcuxpressoide_10.0.2_411/ide/tools/bin/../lib/gcc/arm-none-eabi/5.4.1/../../../../arm-none-eabi/lib/armv7e-m/softfp\libcr_c.a(initio.o)
 .ARM.attributes
                0x000004f1       0x37 c:/system/mcuxpressoide_10.0.2_411/ide/tools/bin/../lib/gcc/arm-none-eabi/5.4.1/../../../../arm-none-eabi/lib/armv7e-m/softfp\libcr_c.a(puts.o)
 .ARM.attributes
                0x00000528       0x37 c:/system/mcuxpressoide_10.0.2_411/ide/tools/bin/../lib/gcc/arm-none-eabi/5.4.1/../../../../arm-none-eabi/lib/armv7e-m/softfp\libcr_c.a(setvbuf.o)
 .ARM.attributes
                0x0000055f       0x37 c:/system/mcuxpressoide_10.0.2_411/ide/tools/bin/../lib/gcc/arm-none-eabi/5.4.1/../../../../arm-none-eabi/lib/armv7e-m/softfp\libcr_c.a(strlen.o)
 .ARM.attributes
                0x00000596       0x37 c:/system/mcuxpressoide_10.0.2_411/ide/tools/bin/../lib/gcc/arm-none-eabi/5.4.1/../../../../arm-none-eabi/lib/armv7e-m/softfp\libcr_c.a(_deferredlazyseek.o)
 .ARM.attributes
                0x000005cd       0x37 c:/system/mcuxpressoide_10.0.2_411/ide/tools/bin/../lib/gcc/arm-none-eabi/5.4.1/../../../../arm-none-eabi/lib/armv7e-m/softfp\libcr_c.a(_fdopen.o)
 .ARM.attributes
                0x00000604       0x37 c:/system/mcuxpressoide_10.0.2_411/ide/tools/bin/../lib/gcc/arm-none-eabi/5.4.1/../../../../arm-none-eabi/lib/armv7e-m/softfp\libcr_c.a(_fflush.o)
 .ARM.attributes
                0x0000063b       0x37 c:/system/mcuxpressoide_10.0.2_411/ide/tools/bin/../lib/gcc/arm-none-eabi/5.4.1/../../../../arm-none-eabi/lib/armv7e-m/softfp\libcr_c.a(_writebuf.o)
 .ARM.attributes
                0x00000672       0x37 c:/system/mcuxpressoide_10.0.2_411/ide/tools/bin/../lib/gcc/arm-none-eabi/5.4.1/../../../../arm-none-eabi/lib/armv7e-m/softfp\libcr_c.a(alloc.o)
 .ARM.attributes
                0x000006a9       0x37 c:/system/mcuxpressoide_10.0.2_411/ide/tools/bin/../lib/gcc/arm-none-eabi/5.4.1/../../../../arm-none-eabi/lib/armv7e-m/softfp\libcr_c.a(fclose.o)
 .ARM.attributes
                0x000006e0       0x37 c:/system/mcuxpressoide_10.0.2_411/ide/tools/bin/../lib/gcc/arm-none-eabi/5.4.1/../../../../arm-none-eabi/lib/armv7e-m/softfp\libcr_c.a(fflush.o)
 .ARM.attributes
                0x00000717       0x37 c:/system/mcuxpressoide_10.0.2_411/ide/tools/bin/../lib/gcc/arm-none-eabi/5.4.1/../../../../arm-none-eabi/lib/armv7e-m/softfp\libcr_c.a(fseek.o)
 .ARM.attributes
                0x0000074e       0x37 c:/system/mcuxpressoide_10.0.2_411/ide/tools/bin/../lib/gcc/arm-none-eabi/5.4.1/../../../../arm-none-eabi/lib/armv7e-m/softfp\libcr_c.a(ftell.o)
 .ARM.attributes
                0x00000785       0x37 c:/system/mcuxpressoide_10.0.2_411/ide/tools/bin/../lib/gcc/arm-none-eabi/5.4.1/../../../../arm-none-eabi/lib/armv7e-m/softfp\libcr_c.a(remove.o)
 .ARM.attributes
                0x000007bc       0x37 c:/system/mcuxpressoide_10.0.2_411/ide/tools/bin/../lib/gcc/arm-none-eabi/5.4.1/../../../../arm-none-eabi/lib/armv7e-m/softfp\libcr_c.a(_do_fflush.o)
 .ARM.attributes
                0x000007f3       0x37 c:/system/mcuxpressoide_10.0.2_411/ide/tools/bin/../lib/gcc/arm-none-eabi/5.4.1/../../../../arm-none-eabi/lib/armv7e-m/softfp\libcr_c.a(errno.o)
 .ARM.attributes
                0x0000082a       0x25 c:/system/mcuxpressoide_10.0.2_411/ide/tools/bin/../lib/gcc/arm-none-eabi/5.4.1/armv7e-m/softfp\libcr_eabihelpers.a(memcpy.o)
 .ARM.attributes
                0x0000084f       0x37 c:/system/mcuxpressoide_10.0.2_411/ide/tools/bin/../lib/gcc/arm-none-eabi/5.4.1/../../../../arm-none-eabi/lib/armv7e-m/softfp\libcr_semihost_nf.a(__ciob.o)
 .ARM.attributes
                0x00000886       0x25 c:/system/mcuxpressoide_10.0.2_411/ide/tools/bin/../lib/gcc/arm-none-eabi/5.4.1/../../../../arm-none-eabi/lib/armv7e-m/softfp\libcr_semihost_nf.a(__sys_close.o)
 .ARM.attributes
                0x000008ab       0x25 c:/system/mcuxpressoide_10.0.2_411/ide/tools/bin/../lib/gcc/arm-none-eabi/5.4.1/../../../../arm-none-eabi/lib/armv7e-m/softfp\libcr_semihost_nf.a(__sys_flen.o)
 .ARM.attributes
                0x000008d0       0x25 c:/system/mcuxpressoide_10.0.2_411/ide/tools/bin/../lib/gcc/arm-none-eabi/5.4.1/../../../../arm-none-eabi/lib/armv7e-m/softfp\libcr_semihost_nf.a(__sys_istty.o)
 .ARM.attributes
                0x000008f5       0x25 c:/system/mcuxpressoide_10.0.2_411/ide/tools/bin/../lib/gcc/arm-none-eabi/5.4.1/../../../../arm-none-eabi/lib/armv7e-m/softfp\libcr_semihost_nf.a(__sys_remove.o)
 .ARM.attributes
                0x0000091a       0x25 c:/system/mcuxpressoide_10.0.2_411/ide/tools/bin/../lib/gcc/arm-none-eabi/5.4.1/../../../../arm-none-eabi/lib/armv7e-m/softfp\libcr_semihost_nf.a(__sys_seek.o)
 .ARM.attributes
                0x0000093f       0x25 c:/system/mcuxpressoide_10.0.2_411/ide/tools/bin/../lib/gcc/arm-none-eabi/5.4.1/../../../../arm-none-eabi/lib/armv7e-m/softfp\libcr_semihost_nf.a(__sys_tmpnam.o)
 .ARM.attributes